cs
Java HotSpot(TM) 64-Bit Server VM (25.91-b15) for windows-amd64 JRE (1.8.0_91-b15), built on May 20 2016 17:43:15 by "java_re" with MS VC++ 10.0 (VS2010)
Memory: 4k page, physical 8264804k(3860248k free), swap 15342692k(7045120k free)
CommandLine flags: -XX:+HeapDumpOnOutOfMemoryError -XX:HeapDumpPath=D:/logs/temp.dump -XX:InitialHeapSize=10485760 -XX:MaxHeapSize=10485760 -XX:+PrintGC -XX:+PrintGCDetails -XX:+PrintGCTimeStamps -XX:+UseCompressedClassPointers -XX:+UseCompressedOops -XX:-UseLargePagesIndividualAllocation -XX:+UseParallelGC 
1.098: [GC (Allocation Failure) [PSYoungGen: 2048K->488K(2560K)] 2048K->874K(9728K), 0.0072442 secs] [Times: user=0.00 sys=0.00, real=0.01 secs] 
1.650: [GC (Allocation Failure) [PSYoungGen: 2536K->496K(2560K)] 2922K->1194K(9728K), 0.0010962 secs] [Times: user=0.00 sys=0.00, real=0.00 secs] 
1.670: [GC (Allocation Failure) [PSYoungGen: 2544K->496K(2560K)] 3242K->1278K(9728K), 0.0022901 secs] [Times: user=0.00 sys=0.00, real=0.00 secs] 
1.676: [GC (Allocation Failure) [PSYoungGen: 2544K->496K(2560K)] 3326K->1542K(9728K), 0.0009919 secs] [Times: user=0.00 sys=0.00, real=0.00 secs] 
1.680: [GC (Allocation Failure) [PSYoungGen: 2544K->488K(2560K)] 3590K->1831K(9728K), 0.0007348 secs] [Times: user=0.00 sys=0.00, real=0.00 secs] 
1.684: [GC (Allocation Failure) [PSYoungGen: 2536K->484K(1536K)] 3879K->2115K(8704K), 0.0006896 secs] [Times: user=0.00 sys=0.00, real=0.00 secs] 
1.687: [GC (Allocation Failure) [PSYoungGen: 1508K->292K(2048K)] 3139K->2302K(9216K), 0.0009113 secs] [Times: user=0.00 sys=0.00, real=0.00 secs] 
1.690: [GC (Allocation Failure) [PSYoungGen: 1316K->388K(2048K)] 3326K->2414K(9216K), 0.0007804 secs] [Times: user=0.00 sys=0.00, real=0.00 secs] 
1.692: [GC (Allocation Failure) [PSYoungGen: 1412K->448K(2048K)] 3438K->2590K(9216K), 0.0005751 secs] [Times: user=0.00 sys=0.00, real=0.00 secs] 
1.694: [GC (Allocation Failure) [PSYoungGen: 1472K->406K(2048K)] 3614K->2812K(9216K), 0.0006411 secs] [Times: user=0.00 sys=0.00, real=0.00 secs] 
1.696: [GC (Allocation Failure) [PSYoungGen: 1430K->224K(2048K)] 3836K->2956K(9216K), 0.0004635 secs] [Times: user=0.00 sys=0.00, real=0.00 secs] 
1.698: [GC (Allocation Failure) [PSYoungGen: 1248K->192K(2048K)] 3980K->3060K(9216K), 0.0006017 secs] [Times: user=0.00 sys=0.00, real=0.00 secs] 
1.701: [GC (Allocation Failure) [PSYoungGen: 1215K->256K(2048K)] 4084K->3268K(9216K), 0.0009113 secs] [Times: user=0.00 sys=0.00, real=0.00 secs] 
1.704: [GC (Allocation Failure) [PSYoungGen: 1280K->192K(2048K)] 4292K->3340K(9216K), 0.0007855 secs] [Times: user=0.06 sys=0.02, real=0.00 secs] 
1.707: [GC (Allocation Failure) [PSYoungGen: 1216K->242K(2048K)] 4364K->3519K(9216K), 0.0010317 secs] [Times: user=0.00 sys=0.00, real=0.00 secs] 
1.709: [GC (Allocation Failure) [PSYoungGen: 1266K->160K(2048K)] 4543K->3639K(9216K), 0.0006232 secs] [Times: user=0.00 sys=0.00, real=0.00 secs] 
1.711: [GC (Allocation Failure) [PSYoungGen: 1184K->192K(2048K)] 4663K->3807K(9216K), 0.0005277 secs] [Times: user=0.00 sys=0.00, real=0.00 secs] 
1.713: [GC (Allocation Failure) [PSYoungGen: 1216K->224K(2048K)] 4831K->3983K(9216K), 0.0006210 secs] [Times: user=0.00 sys=0.00, real=0.00 secs] 
1.715: [GC (Allocation Failure) [PSYoungGen: 1248K->224K(2048K)] 5007K->4119K(9216K), 0.0007027 secs] [Times: user=0.00 sys=0.00, real=0.00 secs] 
1.717: [GC (Allocation Failure) [PSYoungGen: 1248K->224K(2048K)] 5143K->4263K(9216K), 0.0006462 secs] [Times: user=0.00 sys=0.00, real=0.00 secs] 
1.720: [GC (Allocation Failure) [PSYoungGen: 1248K->192K(2048K)] 5287K->4383K(9216K), 0.0011688 secs] [Times: user=0.00 sys=0.00, real=0.00 secs] 
1.723: [GC (Allocation Failure) [PSYoungGen: 1216K->283K(2048K)] 5407K->4610K(9216K), 0.0006466 secs] [Times: user=0.00 sys=0.00, real=0.00 secs] 
1.725: [GC (Allocation Failure) [PSYoungGen: 1307K->224K(2048K)] 5634K->4802K(9216K), 0.0004551 secs] [Times: user=0.00 sys=0.00, real=0.00 secs] 
1.727: [GC (Allocation Failure) [PSYoungGen: 1248K->288K(2048K)] 5826K->5018K(9216K), 0.0007986 secs] [Times: user=0.00 sys=0.00, real=0.00 secs] 
1.728: [GC (Allocation Failure) [PSYoungGen: 1312K->224K(2048K)] 6042K->5098K(9216K), 0.0005211 secs] [Times: user=0.00 sys=0.00, real=0.00 secs] 
1.730: [GC (Allocation Failure) [PSYoungGen: 1248K->256K(2048K)] 6122K->5274K(9216K), 0.0006900 secs] [Times: user=0.00 sys=0.00, real=0.00 secs] 
1.732: [GC (Allocation Failure) [PSYoungGen: 1280K->160K(2048K)] 6298K->5322K(9216K), 0.0005434 secs] [Times: user=0.00 sys=0.00, real=0.00 secs] 
1.733: [GC (Allocation Failure) [PSYoungGen: 1184K->192K(2048K)] 6346K->5490K(9216K), 0.0006765 secs] [Times: user=0.00 sys=0.00, real=0.00 secs] 
1.735: [GC (Allocation Failure) [PSYoungGen: 1216K->224K(2048K)] 6514K->5666K(9216K), 0.0006079 secs] [Times: user=0.00 sys=0.00, real=0.00 secs] 
1.737: [GC (Allocation Failure) [PSYoungGen: 1248K->192K(2048K)] 6690K->5770K(9216K), 0.0013777 secs] [Times: user=0.00 sys=0.00, real=0.00 secs] 
1.739: [GC (Allocation Failure) [PSYoungGen: 1216K->192K(2048K)] 6794K->5906K(9216K), 0.0006900 secs] [Times: user=0.00 sys=0.00, real=0.00 secs] 
1.741: [GC (Allocation Failure) [PSYoungGen: 1216K->192K(2048K)] 6930K->6042K(9216K), 0.0006845 secs] [Times: user=0.00 sys=0.00, real=0.00 secs] 
1.743: [GC (Allocation Failure) [PSYoungGen: 1216K->224K(2048K)] 7066K->6218K(9216K), 0.0007261 secs] [Times: user=0.00 sys=0.00, real=0.00 secs] 
1.744: [GC (Allocation Failure) [PSYoungGen: 1248K->345K(2048K)] 7242K->6484K(9216K), 0.0006374 secs] [Times: user=0.00 sys=0.00, real=0.00 secs] 
1.746: [GC (Allocation Failure) [PSYoungGen: 1369K->160K(2048K)] 7508K->6596K(9216K), 0.0006925 secs] [Times: user=0.00 sys=0.00, real=0.00 secs] 
1.747: [GC (Allocation Failure) [PSYoungGen: 1184K->192K(2048K)] 7620K->6764K(9216K), 0.0006123 secs] [Times: user=0.00 sys=0.00, real=0.00 secs] 
1.749: [GC (Allocation Failure) [PSYoungGen: 1216K->256K(2048K)] 7788K->6964K(9216K), 0.0005988 secs] [Times: user=0.00 sys=0.00, real=0.00 secs] 
1.750: [GC (Allocation Failure) [PSYoungGen: 1280K->256K(2560K)] 7988K->7116K(9728K), 0.0004668 secs] [Times: user=0.00 sys=0.00, real=0.00 secs] 
1.752: [GC (Allocation Failure) [PSYoungGen: 2304K->320K(2560K)] 9164K->7316K(9728K), 0.0015400 secs] [Times: user=0.00 sys=0.00, real=0.00 secs] 
1.754: [Full GC (Ergonomics) [PSYoungGen: 320K->0K(2560K)] [ParOldGen: 6996K->6226K(7168K)] 7316K->6226K(9728K), [Metaspace: 3844K->3844K(1056768K)], 0.0246584 secs] [Times: user=0.09 sys=0.00, real=0.03 secs] 
1.780: [GC (Allocation Failure) [PSYoungGen: 2048K->320K(2560K)] 8274K->6546K(9728K), 0.0005463 secs] [Times: user=0.00 sys=0.00, real=0.00 secs] 
1.782: [GC (Allocation Failure) [PSYoungGen: 2368K->288K(2560K)] 8594K->6786K(9728K), 0.0007330 secs] [Times: user=0.03 sys=0.00, real=0.00 secs] 
1.784: [GC (Allocation Failure) [PSYoungGen: 2336K->320K(2560K)] 8834K->7082K(9728K), 0.0007749 secs] [Times: user=0.00 sys=0.00, real=0.00 secs] 
1.787: [GC (Allocation Failure) [PSYoungGen: 2368K->320K(2560K)] 9130K->7346K(9728K), 0.0013099 secs] [Times: user=0.00 sys=0.00, real=0.00 secs] 
1.788: [Full GC (Ergonomics) [PSYoungGen: 320K->0K(2560K)] [ParOldGen: 7026K->7083K(7168K)] 7346K->7083K(9728K), [Metaspace: 3844K->3844K(1056768K)], 0.0204814 secs] [Times: user=0.08 sys=0.02, real=0.02 secs] 
1.810: [Full GC (Ergonomics) [PSYoungGen: 2048K->186K(2560K)] [ParOldGen: 7083K->7142K(7168K)] 9131K->7328K(9728K), [Metaspace: 3844K->3844K(1056768K)], 0.0189947 secs] [Times: user=0.09 sys=0.00, real=0.02 secs] 
1.830: [Full GC (Ergonomics) [PSYoungGen: 2048K->656K(2560K)] [ParOldGen: 7142K->6957K(7168K)] 9190K->7613K(9728K), [Metaspace: 3844K->3844K(1056768K)], 0.0159146 secs] [Times: user=0.09 sys=0.00, real=0.02 secs] 
1.847: [Full GC (Ergonomics) [PSYoungGen: 2048K->825K(2560K)] [ParOldGen: 6957K->6957K(7168K)] 9005K->7782K(9728K), [Metaspace: 3844K->3844K(1056768K)], 0.0137241 secs] [Times: user=0.09 sys=0.00, real=0.01 secs] 
1.862: [Full GC (Ergonomics) [PSYoungGen: 2048K->973K(2560K)] [ParOldGen: 6957K->6957K(7168K)] 9005K->7930K(9728K), [Metaspace: 3844K->3844K(1056768K)], 0.0133732 secs] [Times: user=0.00 sys=0.00, real=0.01 secs] 
1.876: [Full GC (Ergonomics) [PSYoungGen: 2048K->1103K(2560K)] [ParOldGen: 6957K->6957K(7168K)] 9005K->8060K(9728K), [Metaspace: 3844K->3844K(1056768K)], 0.0129466 secs] [Times: user=0.00 sys=0.00, real=0.01 secs] 
1.890: [Full GC (Ergonomics) [PSYoungGen: 2048K->1218K(2560K)] [ParOldGen: 6957K->6957K(7168K)] 9005K->8175K(9728K), [Metaspace: 3844K->3844K(1056768K)], 0.0116458 secs] [Times: user=0.09 sys=0.00, real=0.01 secs] 
1.902: [Full GC (Ergonomics) [PSYoungGen: 2048K->1318K(2560K)] [ParOldGen: 6957K->6957K(7168K)] 9005K->8276K(9728K), [Metaspace: 3844K->3844K(1056768K)], 0.0131625 secs] [Times: user=0.08 sys=0.00, real=0.01 secs] 
1.916: [Full GC (Ergonomics) [PSYoungGen: 2048K->1407K(2560K)] [ParOldGen: 6957K->6946K(7168K)] 9005K->8354K(9728K), [Metaspace: 3844K->3844K(1056768K)], 0.0173897 secs] [Times: user=0.08 sys=0.00, real=0.02 secs] 
1.934: [Full GC (Ergonomics) [PSYoungGen: 2048K->1484K(2560K)] [ParOldGen: 6946K->6946K(7168K)] 8994K->8431K(9728K), [Metaspace: 3844K->3844K(1056768K)], 0.0122763 secs] [Times: user=0.06 sys=0.02, real=0.01 secs] 
1.947: [Full GC (Ergonomics) [PSYoungGen: 2048K->1553K(2560K)] [ParOldGen: 6946K->6946K(7168K)] 8994K->8500K(9728K), [Metaspace: 3844K->3844K(1056768K)], 0.0127022 secs] [Times: user=0.08 sys=0.00, real=0.01 secs] 
1.960: [Full GC (Ergonomics) [PSYoungGen: 2048K->1613K(2560K)] [ParOldGen: 6946K->6946K(7168K)] 8994K->8560K(9728K), [Metaspace: 3844K->3844K(1056768K)], 0.0126465 secs] [Times: user=0.02 sys=0.00, real=0.01 secs] 
1.973: [Full GC (Ergonomics) [PSYoungGen: 2048K->1665K(2560K)] [ParOldGen: 6946K->6946K(7168K)] 8994K->8612K(9728K), [Metaspace: 3844K->3844K(1056768K)], 0.0112133 secs] [Times: user=0.00 sys=0.00, real=0.01 secs] 
1.985: [Full GC (Ergonomics) [PSYoungGen: 2048K->1712K(2560K)] [ParOldGen: 6946K->6946K(7168K)] 8994K->8658K(9728K), [Metaspace: 3844K->3844K(1056768K)], 0.0121202 secs] [Times: user=0.05 sys=0.00, real=0.01 secs] 
1.997: [Full GC (Ergonomics) [PSYoungGen: 2048K->1752K(2560K)] [ParOldGen: 6946K->6946K(7168K)] 8994K->8699K(9728K), [Metaspace: 3844K->3844K(1056768K)], 0.0134261 secs] [Times: user=0.09 sys=0.00, real=0.01 secs] 
2.011: [Full GC (Ergonomics) [PSYoungGen: 2048K->1788K(2560K)] [ParOldGen: 6946K->6946K(7168K)] 8994K->8735K(9728K), [Metaspace: 3844K->3844K(1056768K)], 0.0120528 secs] [Times: user=0.09 sys=0.00, real=0.01 secs] 
2.023: [Full GC (Ergonomics) [PSYoungGen: 2048K->1819K(2560K)] [ParOldGen: 6946K->6946K(7168K)] 8994K->8766K(9728K), [Metaspace: 3844K->3844K(1056768K)], 0.0114489 secs] [Times: user=0.02 sys=0.00, real=0.01 secs] 
2.035: [Full GC (Ergonomics) [PSYoungGen: 2048K->1847K(2560K)] [ParOldGen: 6946K->6946K(7168K)] 8994K->8794K(9728K), [Metaspace: 3844K->3844K(1056768K)], 0.0132266 secs] [Times: user=0.09 sys=0.00, real=0.01 secs] 
2.048: [Full GC (Ergonomics) [PSYoungGen: 2048K->1871K(2560K)] [ParOldGen: 6946K->6946K(7168K)] 8994K->8818K(9728K), [Metaspace: 3844K->3844K(1056768K)], 0.0127686 secs] [Times: user=0.00 sys=0.00, real=0.01 secs] 
2.061: [Full GC (Ergonomics) [PSYoungGen: 2048K->1892K(2560K)] [ParOldGen: 6946K->6946K(7168K)] 8994K->8839K(9728K), [Metaspace: 3844K->3844K(1056768K)], 0.0125640 secs] [Times: user=0.09 sys=0.00, real=0.01 secs] 
2.074: [Full GC (Ergonomics) [PSYoungGen: 2048K->1911K(2560K)] [ParOldGen: 6946K->6946K(7168K)] 8994K->8858K(9728K), [Metaspace: 3844K->3844K(1056768K)], 0.0121501 secs] [Times: user=0.09 sys=0.00, real=0.01 secs] 
2.087: [Full GC (Ergonomics) [PSYoungGen: 2048K->1927K(2560K)] [ParOldGen: 6946K->6946K(7168K)] 8994K->8874K(9728K), [Metaspace: 3844K->3844K(1056768K)], 0.0135884 secs] [Times: user=0.08 sys=0.00, real=0.01 secs] 
2.101: [Full GC (Ergonomics) [PSYoungGen: 2048K->1942K(2560K)] [ParOldGen: 6946K->6946K(7168K)] 8994K->8889K(9728K), [Metaspace: 3844K->3844K(1056768K)], 0.0130943 secs] [Times: user=0.06 sys=0.00, real=0.01 secs] 
2.114: [Full GC (Ergonomics) [PSYoungGen: 2048K->1955K(2560K)] [ParOldGen: 6946K->6935K(7168K)] 8994K->8890K(9728K), [Metaspace: 3844K->3844K(1056768K)], 0.0205832 secs] [Times: user=0.09 sys=0.00, real=0.02 secs] 
2.135: [Full GC (Ergonomics) [PSYoungGen: 2048K->1966K(2560K)] [ParOldGen: 6935K->6935K(7168K)] 8983K->8901K(9728K), [Metaspace: 3844K->3844K(1056768K)], 0.0129531 secs] [Times: user=0.06 sys=0.02, real=0.01 secs] 
2.148: [Full GC (Ergonomics) [PSYoungGen: 2048K->1975K(2560K)] [ParOldGen: 6935K->6935K(7168K)] 8983K->8911K(9728K), [Metaspace: 3844K->3844K(1056768K)], 0.0127099 secs] [Times: user=0.05 sys=0.00, real=0.01 secs] 
2.161: [Full GC (Ergonomics) [PSYoungGen: 2048K->1984K(2560K)] [ParOldGen: 6935K->6935K(7168K)] 8983K->8920K(9728K), [Metaspace: 3844K->3844K(1056768K)], 0.0135115 secs] [Times: user=0.08 sys=0.00, real=0.01 secs] 
2.175: [Full GC (Ergonomics) [PSYoungGen: 2048K->1992K(2560K)] [ParOldGen: 6935K->6935K(7168K)] 8983K->8927K(9728K), [Metaspace: 3844K->3844K(1056768K)], 0.0135541 secs] [Times: user=0.08 sys=0.00, real=0.01 secs] 
2.189: [Full GC (Ergonomics) [PSYoungGen: 2048K->1998K(2560K)] [ParOldGen: 6935K->6935K(7168K)] 8983K->8934K(9728K), [Metaspace: 3844K->3844K(1056768K)], 0.0126457 secs] [Times: user=0.00 sys=0.00, real=0.01 secs] 
2.201: [Full GC (Ergonomics) [PSYoungGen: 2048K->2004K(2560K)] [ParOldGen: 6935K->6935K(7168K)] 8983K->8940K(9728K), [Metaspace: 3844K->3844K(1056768K)], 0.0125874 secs] [Times: user=0.08 sys=0.00, real=0.01 secs] 
2.214: [Full GC (Ergonomics) [PSYoungGen: 2048K->2010K(2560K)] [ParOldGen: 6935K->6935K(7168K)] 8983K->8945K(9728K), [Metaspace: 3844K->3844K(1056768K)], 0.0133448 secs] [Times: user=0.06 sys=0.00, real=0.01 secs] 
2.228: [Full GC (Ergonomics) [PSYoungGen: 2048K->2014K(2560K)] [ParOldGen: 6935K->6935K(7168K)] 8983K->8950K(9728K), [Metaspace: 3844K->3844K(1056768K)], 0.0129787 secs] [Times: user=0.05 sys=0.00, real=0.01 secs] 
2.241: [Full GC (Ergonomics) [PSYoungGen: 2048K->2018K(2560K)] [ParOldGen: 6935K->6935K(7168K)] 8983K->8954K(9728K), [Metaspace: 3844K->3844K(1056768K)], 0.0139319 secs] [Times: user=0.00 sys=0.00, real=0.01 secs] 
2.255: [Full GC (Ergonomics) [PSYoungGen: 2048K->2022K(2560K)] [ParOldGen: 6935K->6935K(7168K)] 8983K->8957K(9728K), [Metaspace: 3844K->3844K(1056768K)], 0.0118781 secs] [Times: user=0.00 sys=0.00, real=0.01 secs] 
2.267: [Full GC (Ergonomics) [PSYoungGen: 2048K->2025K(2560K)] [ParOldGen: 6935K->6935K(7168K)] 8983K->8960K(9728K), [Metaspace: 3844K->3844K(1056768K)], 0.0139086 secs] [Times: user=0.09 sys=0.00, real=0.01 secs] 
2.281: [Full GC (Ergonomics) [PSYoungGen: 2047K->2027K(2560K)] [ParOldGen: 6935K->6935K(7168K)] 8983K->8963K(9728K), [Metaspace: 3844K->3844K(1056768K)], 0.0125724 secs] [Times: user=0.09 sys=0.00, real=0.01 secs] 
2.294: [Full GC (Ergonomics) [PSYoungGen: 2048K->2030K(2560K)] [ParOldGen: 6935K->6935K(7168K)] 8983K->8965K(9728K), [Metaspace: 3844K->3844K(1056768K)], 0.0127070 secs] [Times: user=0.09 sys=0.00, real=0.01 secs] 
2.307: [Full GC (Ergonomics) [PSYoungGen: 2048K->2032K(2560K)] [ParOldGen: 6935K->6935K(7168K)] 8983K->8968K(9728K), [Metaspace: 3844K->3844K(1056768K)], 0.0121396 secs] [Times: user=0.02 sys=0.00, real=0.01 secs] 
2.319: [Full GC (Ergonomics) [PSYoungGen: 2048K->2034K(2560K)] [ParOldGen: 6935K->6935K(7168K)] 8983K->8970K(9728K), [Metaspace: 3844K->3844K(1056768K)], 0.0139079 secs] [Times: user=0.00 sys=0.00, real=0.01 secs] 
2.333: [Full GC (Ergonomics) [PSYoungGen: 2048K->2035K(2560K)] [ParOldGen: 6935K->6935K(7168K)] 8983K->8971K(9728K), [Metaspace: 3844K->3844K(1056768K)], 0.0139203 secs] [Times: user=0.01 sys=0.00, real=0.01 secs] 
2.347: [Full GC (Ergonomics) [PSYoungGen: 2048K->2037K(2560K)] [ParOldGen: 6935K->6935K(7168K)] 8983K->8973K(9728K), [Metaspace: 3844K->3844K(1056768K)], 0.0129134 secs] [Times: user=0.00 sys=0.00, real=0.01 secs] 
2.360: [Full GC (Ergonomics) [PSYoungGen: 2048K->2038K(2560K)] [ParOldGen: 6935K->6935K(7168K)] 8983K->8974K(9728K), [Metaspace: 3844K->3844K(1056768K)], 0.0130374 secs] [Times: user=0.09 sys=0.00, real=0.01 secs] 
2.373: [Full GC (Ergonomics) [PSYoungGen: 2048K->2039K(2560K)] [ParOldGen: 6935K->6935K(7168K)] 8983K->8975K(9728K), [Metaspace: 3844K->3844K(1056768K)], 0.0117938 secs] [Times: user=0.09 sys=0.00, real=0.01 secs] 
2.385: [Full GC (Ergonomics) [PSYoungGen: 2048K->2040K(2560K)] [ParOldGen: 6935K->6935K(7168K)] 8983K->8976K(9728K), [Metaspace: 3844K->3844K(1056768K)], 0.0145763 secs] [Times: user=0.09 sys=0.00, real=0.02 secs] 
2.400: [Full GC (Ergonomics) [PSYoungGen: 2048K->2041K(2560K)] [ParOldGen: 6935K->6935K(7168K)] 8983K->8977K(9728K), [Metaspace: 3844K->3844K(1056768K)], 0.0140501 secs] [Times: user=0.06 sys=0.00, real=0.01 secs] 
2.414: [Full GC (Ergonomics) [PSYoungGen: 2048K->2042K(2560K)] [ParOldGen: 6935K->6935K(7168K)] 8983K->8978K(9728K), [Metaspace: 3844K->3844K(1056768K)], 0.0128565 secs] [Times: user=0.02 sys=0.00, real=0.01 secs] 
2.427: [Full GC (Ergonomics) [PSYoungGen: 2048K->2043K(2560K)] [ParOldGen: 6935K->6935K(7168K)] 8983K->8978K(9728K), [Metaspace: 3844K->3844K(1056768K)], 0.0137376 secs] [Times: user=0.01 sys=0.00, real=0.01 secs] 
2.441: [Full GC (Ergonomics) [PSYoungGen: 2048K->2043K(2560K)] [ParOldGen: 6935K->6935K(7168K)] 8983K->8979K(9728K), [Metaspace: 3844K->3844K(1056768K)], 0.0128879 secs] [Times: user=0.00 sys=0.00, real=0.01 secs] 
2.454: [Full GC (Ergonomics) [PSYoungGen: 2048K->2044K(2560K)] [ParOldGen: 6935K->6935K(7168K)] 8983K->8979K(9728K), [Metaspace: 3844K->3844K(1056768K)], 0.0129674 secs] [Times: user=0.08 sys=0.00, real=0.01 secs] 
2.467: [Full GC (Ergonomics) [PSYoungGen: 2048K->2044K(2560K)] [ParOldGen: 6935K->6935K(7168K)] 8983K->8980K(9728K), [Metaspace: 3844K->3844K(1056768K)], 0.0140151 secs] [Times: user=0.06 sys=0.01, real=0.01 secs] 
2.481: [Full GC (Ergonomics) [PSYoungGen: 2048K->2045K(2560K)] [ParOldGen: 6935K->6935K(7168K)] 8983K->8980K(9728K), [Metaspace: 3844K->3844K(1056768K)], 0.0122654 secs] [Times: user=0.05 sys=0.00, real=0.01 secs] 
2.494: [Full GC (Ergonomics) [PSYoungGen: 2048K->2045K(2560K)] [ParOldGen: 6935K->6935K(7168K)] 8983K->8981K(9728K), [Metaspace: 3844K->3844K(1056768K)], 0.0128572 secs] [Times: user=0.02 sys=0.00, real=0.01 secs] 
2.507: [Full GC (Ergonomics) [PSYoungGen: 2048K->2045K(2560K)] [ParOldGen: 6935K->6935K(7168K)] 8983K->8981K(9728K), [Metaspace: 3844K->3844K(1056768K)], 0.0119098 secs] [Times: user=0.00 sys=0.00, real=0.01 secs] 
2.519: [Full GC (Ergonomics) [PSYoungGen: 2048K->2046K(2560K)] [ParOldGen: 6935K->6935K(7168K)] 8983K->8981K(9728K), [Metaspace: 3844K->3844K(1056768K)], 0.0132755 secs] [Times: user=0.00 sys=0.00, real=0.01 secs] 
2.532: [Full GC (Ergonomics) [PSYoungGen: 2048K->2046K(2560K)] [ParOldGen: 6935K->6935K(7168K)] 8983K->8981K(9728K), [Metaspace: 3844K->3844K(1056768K)], 0.0139480 secs] [Times: user=0.00 sys=0.00, real=0.01 secs] 
2.547: [Full GC (Ergonomics) [PSYoungGen: 2048K->2046K(2560K)] [ParOldGen: 6935K->6935K(7168K)] 8983K->8982K(9728K), [Metaspace: 3844K->3844K(1056768K)], 0.0124514 secs] [Times: user=0.09 sys=0.00, real=0.01 secs] 
2.559: [Full GC (Ergonomics) [PSYoungGen: 2048K->2046K(2560K)] [ParOldGen: 6935K->6935K(7168K)] 8983K->8982K(9728K), [Metaspace: 3844K->3844K(1056768K)], 0.0134159 secs] [Times: user=0.06 sys=0.02, real=0.01 secs] 
2.573: [Full GC (Ergonomics) [PSYoungGen: 2048K->2046K(2560K)] [ParOldGen: 6935K->6935K(7168K)] 8983K->8982K(9728K), [Metaspace: 3844K->3844K(1056768K)], 0.0119277 secs] [Times: user=0.06 sys=0.00, real=0.01 secs] 
2.585: [Full GC (Ergonomics) [PSYoungGen: 2048K->2046K(2560K)] [ParOldGen: 6935K->6935K(7168K)] 8983K->8982K(9728K), [Metaspace: 3844K->3844K(1056768K)], 0.0133309 secs] [Times: user=0.00 sys=0.00, real=0.01 secs] 
2.598: [Full GC (Ergonomics) [PSYoungGen: 2048K->2047K(2560K)] [ParOldGen: 6935K->6935K(7168K)] 8983K->8982K(9728K), [Metaspace: 3844K->3844K(1056768K)], 0.0139516 secs] [Times: user=0.02 sys=0.00, real=0.01 secs] 
2.612: [Full GC (Ergonomics) [PSYoungGen: 2048K->2047K(2560K)] [ParOldGen: 6935K->6935K(7168K)] 8983K->8982K(9728K), [Metaspace: 3844K->3844K(1056768K)], 0.0126618 secs] [Times: user=0.00 sys=0.00, real=0.01 secs] 
2.625: [Full GC (Ergonomics) [PSYoungGen: 2048K->2047K(2560K)] [ParOldGen: 6935K->6935K(7168K)] 8983K->8982K(9728K), [Metaspace: 3844K->3844K(1056768K)], 0.0127074 secs] [Times: user=0.08 sys=0.01, real=0.01 secs] 
2.638: [Full GC (Ergonomics) [PSYoungGen: 2048K->2047K(2560K)] [ParOldGen: 6935K->6935K(7168K)] 8983K->8983K(9728K), [Metaspace: 3844K->3844K(1056768K)], 0.0121662 secs] [Times: user=0.09 sys=0.00, real=0.01 secs] 
2.650: [Full GC (Ergonomics) [PSYoungGen: 2048K->2047K(2560K)] [ParOldGen: 6935K->6935K(7168K)] 8983K->8983K(9728K), [Metaspace: 3844K->3844K(1056768K)], 0.0132660 secs] [Times: user=0.08 sys=0.00, real=0.01 secs] 
2.664: [Full GC (Ergonomics) [PSYoungGen: 2048K->2047K(2560K)] [ParOldGen: 6935K->6935K(7168K)] 8983K->8982K(9728K), [Metaspace: 3844K->3844K(1056768K)], 0.0178886 secs] [Times: user=0.02 sys=0.00, real=0.02 secs] 
2.682: [Full GC (Ergonomics) [PSYoungGen: 2048K->2047K(2560K)] [ParOldGen: 6935K->6935K(7168K)] 8983K->8982K(9728K), [Metaspace: 3844K->3844K(1056768K)], 0.0126096 secs] [Times: user=0.08 sys=0.00, real=0.01 secs] 
2.694: [Full GC (Ergonomics) [PSYoungGen: 2048K->2047K(2560K)] [ParOldGen: 6935K->6935K(7168K)] 8983K->8982K(9728K), [Metaspace: 3844K->3844K(1056768K)], 0.0131464 secs] [Times: user=0.06 sys=0.00, real=0.01 secs] 
2.708: [Full GC (Ergonomics) [PSYoungGen: 2048K->2047K(2560K)] [ParOldGen: 6935K->6935K(7168K)] 8983K->8982K(9728K), [Metaspace: 3844K->3844K(1056768K)], 0.0138608 secs] [Times: user=0.08 sys=0.00, real=0.01 secs] 
2.722: [Full GC (Ergonomics) [PSYoungGen: 2048K->2047K(2560K)] [ParOldGen: 6935K->6935K(7168K)] 8983K->8983K(9728K), [Metaspace: 3844K->3844K(1056768K)], 0.0123037 secs] [Times: user=0.00 sys=0.00, real=0.01 secs] 
2.734: [Full GC (Ergonomics) [PSYoungGen: 2048K->2047K(2560K)] [ParOldGen: 6935K->6935K(7168K)] 8983K->8983K(9728K), [Metaspace: 3844K->3844K(1056768K)], 0.0131913 secs] [Times: user=0.06 sys=0.02, real=0.01 secs] 
2.747: [Full GC (Ergonomics) [PSYoungGen: 2048K->2047K(2560K)] [ParOldGen: 6935K->6935K(7168K)] 8983K->8983K(9728K), [Metaspace: 3844K->3844K(1056768K)], 0.0124415 secs] [Times: user=0.09 sys=0.00, real=0.01 secs] 
2.760: [Full GC (Ergonomics) [PSYoungGen: 2048K->2047K(2560K)] [ParOldGen: 6935K->6935K(7168K)] 8983K->8983K(9728K), [Metaspace: 3844K->3844K(1056768K)], 0.0130578 secs] [Times: user=0.09 sys=0.00, real=0.01 secs] 
2.773: [Full GC (Ergonomics) [PSYoungGen: 2048K->2047K(2560K)] [ParOldGen: 6935K->6935K(7168K)] 8983K->8983K(9728K), [Metaspace: 3844K->3844K(1056768K)], 0.0126031 secs] [Times: user=0.00 sys=0.00, real=0.01 secs] 
2.786: [Full GC (Ergonomics) [PSYoungGen: 2048K->2047K(2560K)] [ParOldGen: 6935K->6935K(7168K)] 8983K->8983K(9728K), [Metaspace: 3844K->3844K(1056768K)], 0.0131719 secs] [Times: user=0.02 sys=0.00, real=0.01 secs] 
2.800: [Full GC (Ergonomics) [PSYoungGen: 2048K->2047K(2560K)] [ParOldGen: 6935K->6935K(7168K)] 8983K->8983K(9728K), [Metaspace: 3844K->3844K(1056768K)], 0.0127683 secs] [Times: user=0.00 sys=0.00, real=0.01 secs] 
2.812: [Full GC (Ergonomics) [PSYoungGen: 2048K->2047K(2560K)] [ParOldGen: 6935K->6935K(7168K)] 8983K->8983K(9728K), [Metaspace: 3844K->3844K(1056768K)], 0.0128237 secs] [Times: user=0.09 sys=0.00, real=0.01 secs] 
2.825: [Full GC (Ergonomics) [PSYoungGen: 2048K->2047K(2560K)] [ParOldGen: 6935K->6935K(7168K)] 8983K->8983K(9728K), [Metaspace: 3844K->3844K(1056768K)], 0.0132336 secs] [Times: user=0.09 sys=0.00, real=0.01 secs] 
2.839: [Full GC (Ergonomics) [PSYoungGen: 2048K->2047K(2560K)] [ParOldGen: 6935K->6935K(7168K)] 8983K->8983K(9728K), [Metaspace: 3844K->3844K(1056768K)], 0.0116505 secs] [Times: user=0.09 sys=0.00, real=0.01 secs] 
2.850: [Full GC (Ergonomics) [PSYoungGen: 2048K->2047K(2560K)] [ParOldGen: 6935K->6935K(7168K)] 8983K->8983K(9728K), [Metaspace: 3844K->3844K(1056768K)], 0.0128941 secs] [Times: user=0.09 sys=0.00, real=0.01 secs] 
2.864: [Full GC (Ergonomics) [PSYoungGen: 2048K->2047K(2560K)] [ParOldGen: 6937K->6935K(7168K)] 8985K->8983K(9728K), [Metaspace: 3844K->3844K(1056768K)], 0.0139082 secs] [Times: user=0.09 sys=0.00, real=0.01 secs] 
2.878: [Full GC (Ergonomics) [PSYoungGen: 2048K->2047K(2560K)] [ParOldGen: 6935K->6935K(7168K)] 8983K->8983K(9728K), [Metaspace: 3844K->3844K(1056768K)], 0.0130305 secs] [Times: user=0.00 sys=0.00, real=0.01 secs] 
2.891: [Full GC (Ergonomics) [PSYoungGen: 2048K->2047K(2560K)] [ParOldGen: 6935K->6935K(7168K)] 8983K->8983K(9728K), [Metaspace: 3844K->3844K(1056768K)], 0.0131592 secs] [Times: user=0.09 sys=0.00, real=0.01 secs] 
2.904: [Full GC (Ergonomics) [PSYoungGen: 2048K->2047K(2560K)] [ParOldGen: 6935K->6935K(7168K)] 8983K->8983K(9728K), [Metaspace: 3844K->3844K(1056768K)], 0.0130822 secs] [Times: user=0.06 sys=0.02, real=0.01 secs] 
2.917: [Full GC (Ergonomics) [PSYoungGen: 2048K->2047K(2560K)] [ParOldGen: 6935K->6935K(7168K)] 8983K->8983K(9728K), [Metaspace: 3844K->3844K(1056768K)], 0.0128226 secs] [Times: user=0.08 sys=0.00, real=0.01 secs] 
2.930: [Full GC (Ergonomics) [PSYoungGen: 2048K->2047K(2560K)] [ParOldGen: 6935K->6935K(7168K)] 8983K->8983K(9728K), [Metaspace: 3844K->3844K(1056768K)], 0.0132865 secs] [Times: user=0.08 sys=0.00, real=0.01 secs] 
2.944: [Full GC (Ergonomics) [PSYoungGen: 2048K->2047K(2560K)] [ParOldGen: 6938K->6936K(7168K)] 8986K->8983K(9728K), [Metaspace: 3844K->3844K(1056768K)], 0.0122584 secs] [Times: user=0.01 sys=0.00, real=0.01 secs] 
2.956: [Full GC (Ergonomics) [PSYoungGen: 2048K->2047K(2560K)] [ParOldGen: 6936K->6936K(7168K)] 8984K->8984K(9728K), [Metaspace: 3844K->3844K(1056768K)], 0.0121308 secs] [Times: user=0.00 sys=0.00, real=0.01 secs] 
2.968: [Full GC (Ergonomics) [PSYoungGen: 2048K->2047K(2560K)] [ParOldGen: 6936K->6936K(7168K)] 8984K->8983K(9728K), [Metaspace: 3844K->3844K(1056768K)], 0.0124984 secs] [Times: user=0.06 sys=0.00, real=0.01 secs] 
2.981: [Full GC (Ergonomics) [PSYoungGen: 2048K->2047K(2560K)] [ParOldGen: 6936K->6936K(7168K)] 8984K->8983K(9728K), [Metaspace: 3844K->3844K(1056768K)], 0.0121662 secs] [Times: user=0.05 sys=0.00, real=0.01 secs] 
2.993: [Full GC (Ergonomics) [PSYoungGen: 2048K->2047K(2560K)] [ParOldGen: 6936K->6936K(7168K)] 8984K->8983K(9728K), [Metaspace: 3844K->3844K(1056768K)], 0.0131121 secs] [Times: user=0.01 sys=0.00, real=0.01 secs] 
3.007: [Full GC (Ergonomics) [PSYoungGen: 2048K->2047K(2560K)] [ParOldGen: 6938K->6936K(7168K)] 8986K->8984K(9728K), [Metaspace: 3844K->3844K(1056768K)], 0.0118504 secs] [Times: user=0.02 sys=0.00, real=0.01 secs] 
3.018: [Full GC (Ergonomics) [PSYoungGen: 2048K->2047K(2560K)] [ParOldGen: 6936K->6936K(7168K)] 8984K->8984K(9728K), [Metaspace: 3844K->3844K(1056768K)], 0.0121188 secs] [Times: user=0.00 sys=0.00, real=0.01 secs] 
3.031: [Full GC (Ergonomics) [PSYoungGen: 2048K->2047K(2560K)] [ParOldGen: 6938K->6936K(7168K)] 8986K->8984K(9728K), [Metaspace: 3844K->3844K(1056768K)], 0.0133156 secs] [Times: user=0.09 sys=0.00, real=0.01 secs] 
3.044: [Full GC (Ergonomics) [PSYoungGen: 2047K->2047K(2560K)] [ParOldGen: 6936K->6936K(7168K)] 8984K->8984K(9728K), [Metaspace: 3844K->3844K(1056768K)], 0.0128076 secs] [Times: user=0.09 sys=0.00, real=0.01 secs] 
3.057: [Full GC (Ergonomics) [PSYoungGen: 2047K->2047K(2560K)] [ParOldGen: 6938K->6936K(7168K)] 8986K->8984K(9728K), [Metaspace: 3844K->3844K(1056768K)], 0.0124652 secs] [Times: user=0.09 sys=0.00, real=0.01 secs] 
3.070: [Full GC (Ergonomics) [PSYoungGen: 2048K->2047K(2560K)] [ParOldGen: 6936K->6936K(7168K)] 8984K->8984K(9728K), [Metaspace: 3844K->3844K(1056768K)], 0.0134425 secs] [Times: user=0.05 sys=0.00, real=0.01 secs] 
3.083: [Full GC (Ergonomics) [PSYoungGen: 2048K->2048K(2560K)] [ParOldGen: 6936K->6936K(7168K)] 8984K->8984K(9728K), [Metaspace: 3844K->3844K(1056768K)], 0.0132059 secs] [Times: user=0.02 sys=0.00, real=0.01 secs] 
3.097: [Full GC (Ergonomics) [PSYoungGen: 2048K->2047K(2560K)] [ParOldGen: 6939K->6937K(7168K)] 8987K->8985K(9728K), [Metaspace: 3844K->3844K(1056768K)], 0.0132905 secs] [Times: user=0.00 sys=0.00, real=0.01 secs] 
3.110: [Full GC (Ergonomics) [PSYoungGen: 2048K->2047K(2560K)] [ParOldGen: 6939K->6937K(7168K)] 8987K->8985K(9728K), [Metaspace: 3844K->3844K(1056768K)], 0.0147922 secs] [Times: user=0.00 sys=0.00, real=0.01 secs] 
3.125: [Full GC (Ergonomics) [PSYoungGen: 2048K->2047K(2560K)] [ParOldGen: 6937K->6937K(7168K)] 8985K->8985K(9728K), [Metaspace: 3844K->3844K(1056768K)], 0.0154486 secs] [Times: user=0.08 sys=0.00, real=0.02 secs] 
3.141: [Full GC (Ergonomics) [PSYoungGen: 2047K->2047K(2560K)] [ParOldGen: 6940K->6937K(7168K)] 8988K->8985K(9728K), [Metaspace: 3844K->3844K(1056768K)], 0.0128926 secs] [Times: user=0.08 sys=0.00, real=0.01 secs] 
3.154: [Full GC (Ergonomics) [PSYoungGen: 2047K->2047K(2560K)] [ParOldGen: 6937K->6937K(7168K)] 8985K->8985K(9728K), [Metaspace: 3844K->3844K(1056768K)], 0.0140085 secs] [Times: user=0.08 sys=0.00, real=0.01 secs] 
3.168: [Full GC (Ergonomics) [PSYoungGen: 2048K->2047K(2560K)] [ParOldGen: 6940K->6938K(7168K)] 8988K->8986K(9728K), [Metaspace: 3844K->3844K(1056768K)], 0.0140041 secs] [Times: user=0.06 sys=0.02, real=0.01 secs] 
3.182: [Full GC (Ergonomics) [PSYoungGen: 2048K->2047K(2560K)] [ParOldGen: 6938K->6938K(7168K)] 8986K->8986K(9728K), [Metaspace: 3844K->3844K(1056768K)], 0.0136883 secs] [Times: user=0.06 sys=0.02, real=0.01 secs] 
3.196: [Full GC (Ergonomics) [PSYoungGen: 2048K->2048K(2560K)] [ParOldGen: 6938K->6938K(7168K)] 8986K->8986K(9728K), [Metaspace: 3844K->3844K(1056768K)], 0.0125994 secs] [Times: user=0.05 sys=0.00, real=0.01 secs] 
3.209: [Full GC (Ergonomics) [PSYoungGen: 2048K->2047K(2560K)] [ParOldGen: 6940K->6938K(7168K)] 8988K->8986K(9728K), [Metaspace: 3844K->3844K(1056768K)], 0.0129830 secs] [Times: user=0.06 sys=0.00, real=0.01 secs] 
3.222: [Full GC (Ergonomics) [PSYoungGen: 2047K->2047K(2560K)] [ParOldGen: 6938K->6938K(7168K)] 8986K->8986K(9728K), [Metaspace: 3844K->3844K(1056768K)], 0.0121122 secs] [Times: user=0.00 sys=0.00, real=0.01 secs] 
3.234: [Full GC (Ergonomics) [PSYoungGen: 2047K->2047K(2560K)] [ParOldGen: 6940K->6938K(7168K)] 8988K->8986K(9728K), [Metaspace: 3844K->3844K(1056768K)], 0.0128809 secs] [Times: user=0.06 sys=0.00, real=0.01 secs] 
3.247: [Full GC (Ergonomics) [PSYoungGen: 2047K->2047K(2560K)] [ParOldGen: 6938K->6938K(7168K)] 8986K->8986K(9728K), [Metaspace: 3844K->3844K(1056768K)], 0.0148666 secs] [Times: user=0.08 sys=0.00, real=0.02 secs] 
3.262: [Full GC (Ergonomics) [PSYoungGen: 2047K->2047K(2560K)] [ParOldGen: 6941K->6939K(7168K)] 8989K->8986K(9728K), [Metaspace: 3844K->3844K(1056768K)], 0.0134002 secs] [Times: user=0.05 sys=0.00, real=0.01 secs] 
3.276: [Full GC (Ergonomics) [PSYoungGen: 2047K->2047K(2560K)] [ParOldGen: 6939K->6939K(7168K)] 8986K->8986K(9728K), [Metaspace: 3844K->3844K(1056768K)], 0.0132358 secs] [Times: user=0.08 sys=0.00, real=0.01 secs] 
3.289: [Full GC (Ergonomics) [PSYoungGen: 2047K->2047K(2560K)] [ParOldGen: 6941K->6939K(7168K)] 8989K->8987K(9728K), [Metaspace: 3844K->3844K(1056768K)], 0.0120046 secs] [Times: user=0.08 sys=0.00, real=0.01 secs] 
3.301: [Full GC (Ergonomics) [PSYoungGen: 2047K->2047K(2560K)] [ParOldGen: 6941K->6939K(7168K)] 8989K->8987K(9728K), [Metaspace: 3844K->3844K(1056768K)], 0.0125615 secs] [Times: user=0.00 sys=0.00, real=0.01 secs] 
3.314: [Full GC (Ergonomics) [PSYoungGen: 2047K->2047K(2560K)] [ParOldGen: 6941K->6939K(7168K)] 8989K->8987K(9728K), [Metaspace: 3844K->3844K(1056768K)], 0.0121892 secs] [Times: user=0.09 sys=0.00, real=0.01 secs] 
3.326: [Full GC (Ergonomics) [PSYoungGen: 2047K->2047K(2560K)] [ParOldGen: 6942K->6940K(7168K)] 8990K->8988K(9728K), [Metaspace: 3844K->3844K(1056768K)], 0.0133860 secs] [Times: user=0.09 sys=0.00, real=0.01 secs] 
3.340: [Full GC (Ergonomics) [PSYoungGen: 2047K->2047K(2560K)] [ParOldGen: 6942K->6940K(7168K)] 8990K->8988K(9728K), [Metaspace: 3844K->3844K(1056768K)], 0.0119962 secs] [Times: user=0.09 sys=0.00, real=0.01 secs] 
3.352: [Full GC (Ergonomics) [PSYoungGen: 2047K->2047K(2560K)] [ParOldGen: 6942K->6940K(7168K)] 8990K->8988K(9728K), [Metaspace: 3844K->3844K(1056768K)], 0.0138207 secs] [Times: user=0.03 sys=0.00, real=0.01 secs] 
3.366: [Full GC (Ergonomics) [PSYoungGen: 2047K->2047K(2560K)] [ParOldGen: 6943K->6940K(7168K)] 8991K->8988K(9728K), [Metaspace: 3844K->3844K(1056768K)], 0.0137445 secs] [Times: user=0.02 sys=0.00, real=0.01 secs] 
3.380: [Full GC (Ergonomics) [PSYoungGen: 2047K->2047K(2560K)] [ParOldGen: 6943K->6941K(7168K)] 8991K->8989K(9728K), [Metaspace: 3844K->3844K(1056768K)], 0.0123306 secs] [Times: user=0.09 sys=0.00, real=0.01 secs] 
3.392: [Full GC (Ergonomics) [PSYoungGen: 2047K->2047K(2560K)] [ParOldGen: 6943K->6941K(7168K)] 8991K->8989K(9728K), [Metaspace: 3844K->3844K(1056768K)], 0.0136511 secs] [Times: user=0.00 sys=0.00, real=0.01 secs] 
3.406: [Full GC (Ergonomics) [PSYoungGen: 2047K->2047K(2560K)] [ParOldGen: 6943K->6941K(7168K)] 8991K->8989K(9728K), [Metaspace: 3844K->3844K(1056768K)], 0.0123587 secs] [Times: user=0.09 sys=0.00, real=0.01 secs] 
3.419: [Full GC (Ergonomics) [PSYoungGen: 2047K->2047K(2560K)] [ParOldGen: 6944K->6942K(7168K)] 8992K->8990K(9728K), [Metaspace: 3844K->3844K(1056768K)], 0.0126880 secs] [Times: user=0.08 sys=0.00, real=0.01 secs] 
3.432: [Full GC (Ergonomics) [PSYoungGen: 2047K->2047K(2560K)] [ParOldGen: 6944K->6942K(7168K)] 8992K->8990K(9728K), [Metaspace: 3844K->3844K(1056768K)], 0.0139677 secs] [Times: user=0.08 sys=0.00, real=0.01 secs] 
3.446: [Full GC (Ergonomics) [PSYoungGen: 2047K->2047K(2560K)] [ParOldGen: 6944K->6942K(7168K)] 8992K->8990K(9728K), [Metaspace: 3844K->3844K(1056768K)], 0.0127726 secs] [Times: user=0.06 sys=0.00, real=0.01 secs] 
3.459: [Full GC (Ergonomics) [PSYoungGen: 2047K->2047K(2560K)] [ParOldGen: 6945K->6942K(7168K)] 8993K->8990K(9728K), [Metaspace: 3844K->3844K(1056768K)], 0.0127712 secs] [Times: user=0.02 sys=0.00, real=0.01 secs] 
3.472: [Full GC (Ergonomics) [PSYoungGen: 2047K->2047K(2560K)] [ParOldGen: 6945K->6943K(7168K)] 8993K->8991K(9728K), [Metaspace: 3844K->3844K(1056768K)], 0.0117319 secs] [Times: user=0.00 sys=0.00, real=0.01 secs] 
3.483: [Full GC (Ergonomics) [PSYoungGen: 2047K->2047K(2560K)] [ParOldGen: 6945K->6943K(7168K)] 8993K->8991K(9728K), [Metaspace: 3844K->3844K(1056768K)], 0.0127992 secs] [Times: user=0.06 sys=0.00, real=0.01 secs] 
3.496: [Full GC (Ergonomics) [PSYoungGen: 2047K->2047K(2560K)] [ParOldGen: 6945K->6943K(7168K)] 8993K->8991K(9728K), [Metaspace: 3844K->3844K(1056768K)], 0.0130232 secs] [Times: user=0.08 sys=0.00, real=0.01 secs] 
3.510: [Full GC (Ergonomics) [PSYoungGen: 2047K->2047K(2560K)] [ParOldGen: 6946K->6944K(7168K)] 8994K->8992K(9728K), [Metaspace: 3844K->3844K(1056768K)], 0.0124499 secs] [Times: user=0.02 sys=0.00, real=0.01 secs] 
3.522: [Full GC (Ergonomics) [PSYoungGen: 2047K->2047K(2560K)] [ParOldGen: 6946K->6944K(7168K)] 8994K->8992K(9728K), [Metaspace: 3844K->3844K(1056768K)], 0.0124349 secs] [Times: user=0.02 sys=0.00, real=0.01 secs] 
3.535: [Full GC (Ergonomics) [PSYoungGen: 2047K->2047K(2560K)] [ParOldGen: 6946K->6944K(7168K)] 8994K->8992K(9728K), [Metaspace: 3844K->3844K(1056768K)], 0.0134414 secs] [Times: user=0.00 sys=0.00, real=0.01 secs] 
3.548: [Full GC (Ergonomics) [PSYoungGen: 2047K->2047K(2560K)] [ParOldGen: 6947K->6944K(7168K)] 8995K->8992K(9728K), [Metaspace: 3844K->3844K(1056768K)], 0.0123894 secs] [Times: user=0.00 sys=0.00, real=0.01 secs] 
3.561: [Full GC (Ergonomics) [PSYoungGen: 2047K->2047K(2560K)] [ParOldGen: 6947K->6945K(7168K)] 8995K->8993K(9728K), [Metaspace: 3844K->3844K(1056768K)], 0.0126891 secs] [Times: user=0.09 sys=0.00, real=0.01 secs] 
3.574: [Full GC (Ergonomics) [PSYoungGen: 2047K->2047K(2560K)] [ParOldGen: 6947K->6945K(7168K)] 8995K->8993K(9728K), [Metaspace: 3844K->3844K(1056768K)], 0.0126165 secs] [Times: user=0.09 sys=0.00, real=0.01 secs] 
3.587: [Full GC (Ergonomics) [PSYoungGen: 2047K->2047K(2560K)] [ParOldGen: 6947K->6945K(7168K)] 8995K->8993K(9728K), [Metaspace: 3844K->3844K(1056768K)], 0.0124273 secs] [Times: user=0.02 sys=0.00, real=0.01 secs] 
3.599: [Full GC (Ergonomics) [PSYoungGen: 2047K->2047K(2560K)] [ParOldGen: 6948K->6946K(7168K)] 8996K->8994K(9728K), [Metaspace: 3844K->3844K(1056768K)], 0.0131694 secs] [Times: user=0.00 sys=0.00, real=0.01 secs] 
3.613: [Full GC (Ergonomics) [PSYoungGen: 2047K->2047K(2560K)] [ParOldGen: 6948K->6946K(7168K)] 8996K->8994K(9728K), [Metaspace: 3844K->3844K(1056768K)], 0.0125732 secs] [Times: user=0.00 sys=0.00, real=0.01 secs] 
3.625: [Full GC (Ergonomics) [PSYoungGen: 2047K->2047K(2560K)] [ParOldGen: 6948K->6946K(7168K)] 8996K->8994K(9728K), [Metaspace: 3844K->3844K(1056768K)], 0.0159431 secs] [Times: user=0.09 sys=0.00, real=0.02 secs] 
3.642: [Full GC (Ergonomics) [PSYoungGen: 2047K->2047K(2560K)] [ParOldGen: 6948K->6946K(7168K)] 8996K->8994K(9728K), [Metaspace: 3844K->3844K(1056768K)], 0.0132234 secs] [Times: user=0.06 sys=0.00, real=0.01 secs] 
3.655: [Full GC (Ergonomics) [PSYoungGen: 2047K->2047K(2560K)] [ParOldGen: 6949K->6947K(7168K)] 8997K->8995K(9728K), [Metaspace: 3844K->3844K(1056768K)], 0.0125349 secs] [Times: user=0.08 sys=0.00, real=0.01 secs] 
3.668: [Full GC (Ergonomics) [PSYoungGen: 2047K->2047K(2560K)] [ParOldGen: 6949K->6947K(7168K)] 8997K->8995K(9728K), [Metaspace: 3844K->3844K(1056768K)], 0.0143797 secs] [Times: user=0.06 sys=0.00, real=0.02 secs] 
3.682: [Full GC (Ergonomics) [PSYoungGen: 2047K->2047K(2560K)] [ParOldGen: 6949K->6947K(7168K)] 8997K->8995K(9728K), [Metaspace: 3844K->3844K(1056768K)], 0.0136365 secs] [Times: user=0.08 sys=0.00, real=0.01 secs] 
3.696: [Full GC (Ergonomics) [PSYoungGen: 2047K->2047K(2560K)] [ParOldGen: 6950K->6948K(7168K)] 8998K->8996K(9728K), [Metaspace: 3844K->3844K(1056768K)], 0.0137769 secs] [Times: user=0.08 sys=0.00, real=0.01 secs] 
3.710: [Full GC (Ergonomics) [PSYoungGen: 2047K->2047K(2560K)] [ParOldGen: 6950K->6948K(7168K)] 8998K->8996K(9728K), [Metaspace: 3844K->3844K(1056768K)], 0.0128616 secs] [Times: user=0.06 sys=0.00, real=0.01 secs] 
3.723: [Full GC (Ergonomics) [PSYoungGen: 2047K->2047K(2560K)] [ParOldGen: 6950K->6948K(7168K)] 8998K->8996K(9728K), [Metaspace: 3844K->3844K(1056768K)], 0.0126410 secs] [Times: user=0.00 sys=0.00, real=0.01 secs] 
3.736: [Full GC (Ergonomics) [PSYoungGen: 2047K->2047K(2560K)] [ParOldGen: 6950K->6948K(7168K)] 8998K->8996K(9728K), [Metaspace: 3844K->3844K(1056768K)], 0.0129601 secs] [Times: user=0.06 sys=0.00, real=0.01 secs] 
3.749: [Full GC (Ergonomics) [PSYoungGen: 2047K->2047K(2560K)] [ParOldGen: 6951K->6949K(7168K)] 8999K->8997K(9728K), [Metaspace: 3844K->3844K(1056768K)], 0.0138083 secs] [Times: user=0.09 sys=0.00, real=0.01 secs] 
3.763: [Full GC (Ergonomics) [PSYoungGen: 2047K->2047K(2560K)] [ParOldGen: 6951K->6949K(7168K)] 8999K->8997K(9728K), [Metaspace: 3844K->3844K(1056768K)], 0.0128025 secs] [Times: user=0.06 sys=0.00, real=0.01 secs] 
3.776: [Full GC (Ergonomics) [PSYoungGen: 2047K->2047K(2560K)] [ParOldGen: 6951K->6949K(7168K)] 8999K->8997K(9728K), [Metaspace: 3844K->3844K(1056768K)], 0.0131566 secs] [Times: user=0.05 sys=0.00, real=0.01 secs] 
3.789: [Full GC (Ergonomics) [PSYoungGen: 2047K->2047K(2560K)] [ParOldGen: 6952K->6950K(7168K)] 9000K->8998K(9728K), [Metaspace: 3844K->3844K(1056768K)], 0.0120229 secs] [Times: user=0.01 sys=0.00, real=0.01 secs] 
3.801: [Full GC (Ergonomics) [PSYoungGen: 2047K->2047K(2560K)] [ParOldGen: 6952K->6950K(7168K)] 9000K->8998K(9728K), [Metaspace: 3844K->3844K(1056768K)], 0.0142062 secs] [Times: user=0.02 sys=0.00, real=0.01 secs] 
3.816: [Full GC (Ergonomics) [PSYoungGen: 2047K->2047K(2560K)] [ParOldGen: 6952K->6950K(7168K)] 9000K->8998K(9728K), [Metaspace: 3844K->3844K(1056768K)], 0.0147539 secs] [Times: user=0.09 sys=0.00, real=0.01 secs] 
3.831: [Full GC (Ergonomics) [PSYoungGen: 2047K->2047K(2560K)] [ParOldGen: 6952K->6950K(7168K)] 9000K->8998K(9728K), [Metaspace: 3844K->3844K(1056768K)], 0.0137820 secs] [Times: user=0.00 sys=0.00, real=0.01 secs] 
3.844: [Full GC (Ergonomics) [PSYoungGen: 2047K->2047K(2560K)] [ParOldGen: 6953K->6951K(7168K)] 9001K->8999K(9728K), [Metaspace: 3844K->3844K(1056768K)], 0.0128390 secs] [Times: user=0.09 sys=0.00, real=0.01 secs] 
3.857: [Full GC (Ergonomics) [PSYoungGen: 2047K->2047K(2560K)] [ParOldGen: 6953K->6951K(7168K)] 9001K->8999K(9728K), [Metaspace: 3844K->3844K(1056768K)], 0.0121454 secs] [Times: user=0.09 sys=0.00, real=0.01 secs] 
3.870: [Full GC (Ergonomics) [PSYoungGen: 2047K->2047K(2560K)] [ParOldGen: 6953K->6951K(7168K)] 9001K->8999K(9728K), [Metaspace: 3844K->3844K(1056768K)], 0.0135487 secs] [Times: user=0.08 sys=0.00, real=0.01 secs] 
3.883: [Full GC (Ergonomics) [PSYoungGen: 2047K->2047K(2560K)] [ParOldGen: 6954K->6952K(7168K)] 9002K->9000K(9728K), [Metaspace: 3844K->3844K(1056768K)], 0.0127336 secs] [Times: user=0.09 sys=0.00, real=0.01 secs] 
3.896: [Full GC (Ergonomics) [PSYoungGen: 2047K->2047K(2560K)] [ParOldGen: 6954K->6952K(7168K)] 9002K->9000K(9728K), [Metaspace: 3844K->3844K(1056768K)], 0.0132606 secs] [Times: user=0.02 sys=0.00, real=0.01 secs] 
3.910: [Full GC (Ergonomics) [PSYoungGen: 2047K->2047K(2560K)] [ParOldGen: 6954K->6952K(7168K)] 9002K->9000K(9728K), [Metaspace: 3844K->3844K(1056768K)], 0.0128324 secs] [Times: user=0.00 sys=0.00, real=0.01 secs] 
3.923: [Full GC (Ergonomics) [PSYoungGen: 2047K->2047K(2560K)] [ParOldGen: 6954K->6952K(7168K)] 9002K->9000K(9728K), [Metaspace: 3844K->3844K(1056768K)], 0.0119273 secs] [Times: user=0.08 sys=0.00, real=0.01 secs] 
3.935: [Full GC (Ergonomics) [PSYoungGen: 2047K->2047K(2560K)] [ParOldGen: 6955K->6953K(7168K)] 9003K->9001K(9728K), [Metaspace: 3844K->3844K(1056768K)], 0.0127650 secs] [Times: user=0.05 sys=0.03, real=0.01 secs] 
3.948: [Full GC (Ergonomics) [PSYoungGen: 2047K->2047K(2560K)] [ParOldGen: 6955K->6953K(7168K)] 9003K->9001K(9728K), [Metaspace: 3844K->3844K(1056768K)], 0.0132212 secs] [Times: user=0.08 sys=0.00, real=0.01 secs] 
3.961: [Full GC (Ergonomics) [PSYoungGen: 2047K->2047K(2560K)] [ParOldGen: 6955K->6953K(7168K)] 9003K->9001K(9728K), [Metaspace: 3844K->3844K(1056768K)], 0.0127256 secs] [Times: user=0.05 sys=0.00, real=0.01 secs] 
3.974: [Full GC (Ergonomics) [PSYoungGen: 2047K->2047K(2560K)] [ParOldGen: 6956K->6954K(7168K)] 9004K->9002K(9728K), [Metaspace: 3844K->3844K(1056768K)], 0.0119707 secs] [Times: user=0.08 sys=0.00, real=0.01 secs] 
3.986: [Full GC (Ergonomics) [PSYoungGen: 2047K->2047K(2560K)] [ParOldGen: 6956K->6954K(7168K)] 9004K->9002K(9728K), [Metaspace: 3844K->3844K(1056768K)], 0.0126308 secs] [Times: user=0.00 sys=0.00, real=0.01 secs] 
3.999: [Full GC (Ergonomics) [PSYoungGen: 2047K->2047K(2560K)] [ParOldGen: 6956K->6954K(7168K)] 9004K->9002K(9728K), [Metaspace: 3844K->3844K(1056768K)], 0.0139071 secs] [Times: user=0.09 sys=0.00, real=0.01 secs] 
4.013: [Full GC (Ergonomics) [PSYoungGen: 2047K->2047K(2560K)] [ParOldGen: 6956K->6954K(7168K)] 9004K->9002K(9728K), [Metaspace: 3844K->3844K(1056768K)], 0.0126187 secs] [Times: user=0.09 sys=0.00, real=0.01 secs] 
4.026: [Full GC (Ergonomics) [PSYoungGen: 2047K->2047K(2560K)] [ParOldGen: 6957K->6955K(7168K)] 9005K->9003K(9728K), [Metaspace: 3844K->3844K(1056768K)], 0.0132263 secs] [Times: user=0.09 sys=0.00, real=0.01 secs] 
4.039: [Full GC (Ergonomics) [PSYoungGen: 2047K->2047K(2560K)] [ParOldGen: 6957K->6955K(7168K)] 9005K->9003K(9728K), [Metaspace: 3844K->3844K(1056768K)], 0.0116250 secs] [Times: user=0.02 sys=0.00, real=0.01 secs] 
4.051: [Full GC (Ergonomics) [PSYoungGen: 2047K->2047K(2560K)] [ParOldGen: 6957K->6955K(7168K)] 9005K->9003K(9728K), [Metaspace: 3844K->3844K(1056768K)], 0.0132766 secs] [Times: user=0.09 sys=0.00, real=0.01 secs] 
4.065: [Full GC (Ergonomics) [PSYoungGen: 2047K->2047K(2560K)] [ParOldGen: 6958K->6956K(7168K)] 9006K->9004K(9728K), [Metaspace: 3844K->3844K(1056768K)], 0.0132806 secs] [Times: user=0.00 sys=0.00, real=0.01 secs] 
4.078: [Full GC (Ergonomics) [PSYoungGen: 2047K->2047K(2560K)] [ParOldGen: 6958K->6956K(7168K)] 9006K->9004K(9728K), [Metaspace: 3844K->3844K(1056768K)], 0.0126056 secs] [Times: user=0.09 sys=0.00, real=0.01 secs] 
4.091: [Full GC (Ergonomics) [PSYoungGen: 2047K->2047K(2560K)] [ParOldGen: 6958K->6956K(7168K)] 9006K->9004K(9728K), [Metaspace: 3844K->3844K(1056768K)], 0.0131340 secs] [Times: user=0.09 sys=0.00, real=0.01 secs] 
4.104: [Full GC (Ergonomics) [PSYoungGen: 2047K->2047K(2560K)] [ParOldGen: 6958K->6956K(7168K)] 9006K->9004K(9728K), [Metaspace: 3844K->3844K(1056768K)], 0.0119875 secs] [Times: user=0.08 sys=0.02, real=0.01 secs] 
4.116: [Full GC (Ergonomics) [PSYoungGen: 2047K->2047K(2560K)] [ParOldGen: 6959K->6957K(7168K)] 9007K->9005K(9728K), [Metaspace: 3844K->3844K(1056768K)], 0.0128481 secs] [Times: user=0.05 sys=0.01, real=0.01 secs] 
4.129: [Full GC (Ergonomics) [PSYoungGen: 2047K->2047K(2560K)] [ParOldGen: 6959K->6957K(7168K)] 9007K->9005K(9728K), [Metaspace: 3844K->3844K(1056768K)], 0.0145581 secs] [Times: user=0.06 sys=0.00, real=0.01 secs] 
4.144: [Full GC (Ergonomics) [PSYoungGen: 2047K->2047K(2560K)] [ParOldGen: 6959K->6957K(7168K)] 9007K->9005K(9728K), [Metaspace: 3844K->3844K(1056768K)], 0.0135224 secs] [Times: user=0.00 sys=0.00, real=0.01 secs] 
4.158: [Full GC (Ergonomics) [PSYoungGen: 2047K->2047K(2560K)] [ParOldGen: 6960K->6958K(7168K)] 9008K->9006K(9728K), [Metaspace: 3844K->3844K(1056768K)], 0.0145541 secs] [Times: user=0.09 sys=0.00, real=0.02 secs] 
4.172: [Full GC (Ergonomics) [PSYoungGen: 2047K->2047K(2560K)] [ParOldGen: 6960K->6958K(7168K)] 9008K->9006K(9728K), [Metaspace: 3844K->3844K(1056768K)], 0.0116655 secs] [Times: user=0.08 sys=0.00, real=0.01 secs] 
4.184: [Full GC (Ergonomics) [PSYoungGen: 2047K->2047K(2560K)] [ParOldGen: 6960K->6958K(7168K)] 9008K->9006K(9728K), [Metaspace: 3844K->3844K(1056768K)], 0.0126665 secs] [Times: user=0.08 sys=0.00, real=0.01 secs] 
4.197: [Full GC (Ergonomics) [PSYoungGen: 2047K->2047K(2560K)] [ParOldGen: 6960K->6958K(7168K)] 9008K->9006K(9728K), [Metaspace: 3844K->3844K(1056768K)], 0.0130560 secs] [Times: user=0.08 sys=0.00, real=0.01 secs] 
4.210: [Full GC (Ergonomics) [PSYoungGen: 2047K->2047K(2560K)] [ParOldGen: 6961K->6959K(7168K)] 9009K->9007K(9728K), [Metaspace: 3844K->3844K(1056768K)], 0.0125954 secs] [Times: user=0.06 sys=0.02, real=0.01 secs] 
4.223: [Full GC (Ergonomics) [PSYoungGen: 2047K->2047K(2560K)] [ParOldGen: 6961K->6959K(7168K)] 9009K->9007K(9728K), [Metaspace: 3844K->3844K(1056768K)], 0.0126147 secs] [Times: user=0.02 sys=0.00, real=0.01 secs] 
4.236: [Full GC (Ergonomics) [PSYoungGen: 2047K->2047K(2560K)] [ParOldGen: 6961K->6959K(7168K)] 9009K->9007K(9728K), [Metaspace: 3844K->3844K(1056768K)], 0.0128481 secs] [Times: user=0.00 sys=0.00, real=0.01 secs] 
4.249: [Full GC (Ergonomics) [PSYoungGen: 2047K->2047K(2560K)] [ParOldGen: 6962K->6960K(7168K)] 9010K->9008K(9728K), [Metaspace: 3844K->3844K(1056768K)], 0.0140876 secs] [Times: user=0.06 sys=0.00, real=0.01 secs] 
4.263: [Full GC (Ergonomics) [PSYoungGen: 2047K->2047K(2560K)] [ParOldGen: 6962K->6960K(7168K)] 9010K->9008K(9728K), [Metaspace: 3844K->3844K(1056768K)], 0.0133426 secs] [Times: user=0.08 sys=0.02, real=0.01 secs] 
4.277: [Full GC (Ergonomics) [PSYoungGen: 2047K->2047K(2560K)] [ParOldGen: 6962K->6960K(7168K)] 9010K->9008K(9728K), [Metaspace: 3844K->3844K(1056768K)], 0.0124156 secs] [Times: user=0.09 sys=0.00, real=0.01 secs] 
4.289: [Full GC (Ergonomics) [PSYoungGen: 2047K->2047K(2560K)] [ParOldGen: 6962K->6960K(7168K)] 9010K->9008K(9728K), [Metaspace: 3844K->3844K(1056768K)], 0.0123591 secs] [Times: user=0.09 sys=0.00, real=0.01 secs] 
4.302: [Full GC (Ergonomics) [PSYoungGen: 2047K->2047K(2560K)] [ParOldGen: 6963K->6961K(7168K)] 9011K->9009K(9728K), [Metaspace: 3844K->3844K(1056768K)], 0.0130717 secs] [Times: user=0.02 sys=0.00, real=0.01 secs] 
4.315: [Full GC (Ergonomics) [PSYoungGen: 2047K->2047K(2560K)] [ParOldGen: 6963K->6961K(7168K)] 9011K->9009K(9728K), [Metaspace: 3844K->3844K(1056768K)], 0.0128106 secs] [Times: user=0.00 sys=0.00, real=0.01 secs] 
4.328: [Full GC (Ergonomics) [PSYoungGen: 2047K->2047K(2560K)] [ParOldGen: 6963K->6961K(7168K)] 9011K->9009K(9728K), [Metaspace: 3844K->3844K(1056768K)], 0.0135472 secs] [Times: user=0.09 sys=0.00, real=0.01 secs] 
4.342: [Full GC (Ergonomics) [PSYoungGen: 2047K->2047K(2560K)] [ParOldGen: 6964K->6962K(7168K)] 9012K->9010K(9728K), [Metaspace: 3844K->3844K(1056768K)], 0.0130494 secs] [Times: user=0.09 sys=0.00, real=0.01 secs] 
4.355: [Full GC (Ergonomics) [PSYoungGen: 2047K->2047K(2560K)] [ParOldGen: 6964K->6962K(7168K)] 9012K->9010K(9728K), [Metaspace: 3844K->3844K(1056768K)], 0.0120389 secs] [Times: user=0.09 sys=0.00, real=0.01 secs] 
4.367: [Full GC (Ergonomics) [PSYoungGen: 2047K->2047K(2560K)] [ParOldGen: 6964K->6962K(7168K)] 9012K->9010K(9728K), [Metaspace: 3844K->3844K(1056768K)], 0.0125546 secs] [Times: user=0.05 sys=0.00, real=0.01 secs] 
4.380: [Full GC (Ergonomics) [PSYoungGen: 2047K->2047K(2560K)] [ParOldGen: 6964K->6962K(7168K)] 9012K->9010K(9728K), [Metaspace: 3844K->3844K(1056768K)], 0.0128014 secs] [Times: user=0.09 sys=0.00, real=0.01 secs] 
4.393: [Full GC (Ergonomics) [PSYoungGen: 2047K->2047K(2560K)] [ParOldGen: 6965K->6963K(7168K)] 9013K->9011K(9728K), [Metaspace: 3844K->3844K(1056768K)], 0.0127373 secs] [Times: user=0.00 sys=0.00, real=0.01 secs] 
4.406: [Full GC (Ergonomics) [PSYoungGen: 2047K->2047K(2560K)] [ParOldGen: 6965K->6963K(7168K)] 9013K->9011K(9728K), [Metaspace: 3844K->3844K(1056768K)], 0.0115721 secs] [Times: user=0.08 sys=0.00, real=0.01 secs] 
4.417: [Full GC (Ergonomics) [PSYoungGen: 2047K->2047K(2560K)] [ParOldGen: 6965K->6963K(7168K)] 9013K->9011K(9728K), [Metaspace: 3844K->3844K(1056768K)], 0.0135953 secs] [Times: user=0.08 sys=0.00, real=0.01 secs] 
4.431: [Full GC (Ergonomics) [PSYoungGen: 2047K->2047K(2560K)] [ParOldGen: 6966K->6963K(7168K)] 9014K->9011K(9728K), [Metaspace: 3844K->3844K(1056768K)], 0.0143524 secs] [Times: user=0.08 sys=0.00, real=0.01 secs] 
4.446: [Full GC (Ergonomics) [PSYoungGen: 2047K->2047K(2560K)] [ParOldGen: 6966K->6964K(7168K)] 9014K->9012K(9728K), [Metaspace: 3844K->3844K(1056768K)], 0.0130315 secs] [Times: user=0.06 sys=0.00, real=0.01 secs] 
4.459: [Full GC (Ergonomics) [PSYoungGen: 2047K->2047K(2560K)] [ParOldGen: 6966K->6964K(7168K)] 9014K->9012K(9728K), [Metaspace: 3844K->3844K(1056768K)], 0.0130181 secs] [Times: user=0.02 sys=0.00, real=0.01 secs] 
4.472: [Full GC (Ergonomics) [PSYoungGen: 2047K->2047K(2560K)] [ParOldGen: 6967K->6964K(7168K)] 9015K->9012K(9728K), [Metaspace: 3844K->3844K(1056768K)], 0.0120396 secs] [Times: user=0.00 sys=0.00, real=0.01 secs] 
4.484: [Full GC (Ergonomics) [PSYoungGen: 2047K->2047K(2560K)] [ParOldGen: 6967K->6965K(7168K)] 9015K->9013K(9728K), [Metaspace: 3844K->3844K(1056768K)], 0.0127537 secs] [Times: user=0.06 sys=0.00, real=0.01 secs] 
4.497: [Full GC (Ergonomics) [PSYoungGen: 2047K->2047K(2560K)] [ParOldGen: 6967K->6965K(7168K)] 9015K->9013K(9728K), [Metaspace: 3844K->3844K(1056768K)], 0.0144060 secs] [Times: user=0.08 sys=0.02, real=0.02 secs] 
4.512: [Full GC (Ergonomics) [PSYoungGen: 2047K->2047K(2560K)] [ParOldGen: 6967K->6965K(7168K)] 9015K->9013K(9728K), [Metaspace: 3844K->3844K(1056768K)], 0.0122763 secs] [Times: user=0.09 sys=0.00, real=0.01 secs] 
4.524: [Full GC (Ergonomics) [PSYoungGen: 2047K->2047K(2560K)] [ParOldGen: 6968K->6965K(7168K)] 9016K->9013K(9728K), [Metaspace: 3844K->3844K(1056768K)], 0.0127668 secs] [Times: user=0.02 sys=0.00, real=0.01 secs] 
4.537: [Full GC (Ergonomics) [PSYoungGen: 2047K->2047K(2560K)] [ParOldGen: 6968K->6966K(7168K)] 9016K->9014K(9728K), [Metaspace: 3844K->3844K(1056768K)], 0.0126147 secs] [Times: user=0.02 sys=0.00, real=0.01 secs] 
4.550: [Full GC (Ergonomics) [PSYoungGen: 2047K->2047K(2560K)] [ParOldGen: 6968K->6966K(7168K)] 9016K->9014K(9728K), [Metaspace: 3844K->3844K(1056768K)], 0.0122727 secs] [Times: user=0.00 sys=0.00, real=0.01 secs] 
4.562: [Full GC (Ergonomics) [PSYoungGen: 2047K->2047K(2560K)] [ParOldGen: 6968K->6966K(7168K)] 9016K->9014K(9728K), [Metaspace: 3844K->3844K(1056768K)], 0.0127376 secs] [Times: user=0.09 sys=0.00, real=0.01 secs] 
4.575: [Full GC (Ergonomics) [PSYoungGen: 2047K->2047K(2560K)] [ParOldGen: 6969K->6967K(7168K)] 9017K->9015K(9728K), [Metaspace: 3844K->3844K(1056768K)], 0.0129021 secs] [Times: user=0.09 sys=0.00, real=0.01 secs] 
4.588: [Full GC (Ergonomics) [PSYoungGen: 2047K->2047K(2560K)] [ParOldGen: 6969K->6967K(7168K)] 9017K->9015K(9728K), [Metaspace: 3844K->3844K(1056768K)], 0.0123390 secs] [Times: user=0.05 sys=0.00, real=0.01 secs] 
4.601: [Full GC (Ergonomics) [PSYoungGen: 2047K->2047K(2560K)] [ParOldGen: 6969K->6967K(7168K)] 9017K->9015K(9728K), [Metaspace: 3844K->3844K(1056768K)], 0.0120841 secs] [Times: user=0.02 sys=0.00, real=0.01 secs] 
4.613: [Full GC (Ergonomics) [PSYoungGen: 2047K->2047K(2560K)] [ParOldGen: 6970K->6967K(7168K)] 9018K->9015K(9728K), [Metaspace: 3844K->3844K(1056768K)], 0.0125294 secs] [Times: user=0.00 sys=0.00, real=0.01 secs] 
4.625: [Full GC (Ergonomics) [PSYoungGen: 2047K->2047K(2560K)] [ParOldGen: 6970K->6968K(7168K)] 9018K->9016K(9728K), [Metaspace: 3844K->3844K(1056768K)], 0.0132482 secs] [Times: user=0.09 sys=0.00, real=0.01 secs] 
4.639: [Full GC (Ergonomics) [PSYoungGen: 2047K->2047K(2560K)] [ParOldGen: 6970K->6968K(7168K)] 9018K->9016K(9728K), [Metaspace: 3844K->3844K(1056768K)], 0.0118176 secs] [Times: user=0.09 sys=0.00, real=0.01 secs] 
4.651: [Full GC (Ergonomics) [PSYoungGen: 2047K->2047K(2560K)] [ParOldGen: 6970K->6968K(7168K)] 9018K->9016K(9728K), [Metaspace: 3844K->3844K(1056768K)], 0.0138160 secs] [Times: user=0.08 sys=0.00, real=0.01 secs] 
4.665: [Full GC (Ergonomics) [PSYoungGen: 2047K->2047K(2560K)] [ParOldGen: 6971K->6969K(7168K)] 9019K->9017K(9728K), [Metaspace: 3844K->3844K(1056768K)], 0.0138229 secs] [Times: user=0.05 sys=0.00, real=0.01 secs] 
4.679: [Full GC (Ergonomics) [PSYoungGen: 2047K->2047K(2560K)] [ParOldGen: 6971K->6969K(7168K)] 9019K->9017K(9728K), [Metaspace: 3844K->3844K(1056768K)], 0.0131278 secs] [Times: user=0.01 sys=0.00, real=0.01 secs] 
4.692: [Full GC (Ergonomics) [PSYoungGen: 2047K->2047K(2560K)] [ParOldGen: 6971K->6969K(7168K)] 9019K->9017K(9728K), [Metaspace: 3844K->3844K(1056768K)], 0.0133211 secs] [Times: user=0.08 sys=0.00, real=0.01 secs] 
4.706: [Full GC (Ergonomics) [PSYoungGen: 2047K->2047K(2560K)] [ParOldGen: 6972K->6969K(7168K)] 9020K->9017K(9728K), [Metaspace: 3844K->3844K(1056768K)], 0.0126242 secs] [Times: user=0.00 sys=0.00, real=0.01 secs] 
4.718: [Full GC (Ergonomics) [PSYoungGen: 2047K->2047K(2560K)] [ParOldGen: 6972K->6970K(7168K)] 9020K->9018K(9728K), [Metaspace: 3844K->3844K(1056768K)], 0.0134349 secs] [Times: user=0.08 sys=0.00, real=0.01 secs] 
4.732: [Full GC (Ergonomics) [PSYoungGen: 2047K->2047K(2560K)] [ParOldGen: 6972K->6970K(7168K)] 9020K->9018K(9728K), [Metaspace: 3844K->3844K(1056768K)], 0.0134057 secs] [Times: user=0.06 sys=0.00, real=0.01 secs] 
4.745: [Full GC (Ergonomics) [PSYoungGen: 2047K->2047K(2560K)] [ParOldGen: 6972K->6970K(7168K)] 9020K->9018K(9728K), [Metaspace: 3844K->3844K(1056768K)], 0.0130002 secs] [Times: user=0.09 sys=0.00, real=0.01 secs] 
4.759: [Full GC (Ergonomics) [PSYoungGen: 2047K->2047K(2560K)] [ParOldGen: 6973K->6971K(7168K)] 9021K->9019K(9728K), [Metaspace: 3844K->3844K(1056768K)], 0.0130997 secs] [Times: user=0.02 sys=0.00, real=0.01 secs] 
4.772: [Full GC (Ergonomics) [PSYoungGen: 2047K->2047K(2560K)] [ParOldGen: 6973K->6971K(7168K)] 9021K->9019K(9728K), [Metaspace: 3844K->3844K(1056768K)], 0.0122661 secs] [Times: user=0.09 sys=0.00, real=0.01 secs] 
4.784: [Full GC (Ergonomics) [PSYoungGen: 2047K->2047K(2560K)] [ParOldGen: 6973K->6971K(7168K)] 9021K->9019K(9728K), [Metaspace: 3844K->3844K(1056768K)], 0.0130545 secs] [Times: user=0.00 sys=0.00, real=0.01 secs] 
4.797: [Full GC (Ergonomics) [PSYoungGen: 2047K->2047K(2560K)] [ParOldGen: 6973K->6971K(7168K)] 9021K->9019K(9728K), [Metaspace: 3844K->3844K(1056768K)], 0.0140005 secs] [Times: user=0.09 sys=0.00, real=0.01 secs] 
4.812: [Full GC (Ergonomics) [PSYoungGen: 2047K->2047K(2560K)] [ParOldGen: 6974K->6972K(7168K)] 9022K->9020K(9728K), [Metaspace: 3844K->3844K(1056768K)], 0.0130148 secs] [Times: user=0.09 sys=0.00, real=0.01 secs] 
4.825: [Full GC (Ergonomics) [PSYoungGen: 2047K->2047K(2560K)] [ParOldGen: 6974K->6972K(7168K)] 9022K->9020K(9728K), [Metaspace: 3844K->3844K(1056768K)], 0.0135352 secs] [Times: user=0.09 sys=0.00, real=0.01 secs] 
4.838: [Full GC (Ergonomics) [PSYoungGen: 2047K->2047K(2560K)] [ParOldGen: 6974K->6972K(7168K)] 9022K->9020K(9728K), [Metaspace: 3844K->3844K(1056768K)], 0.0123890 secs] [Times: user=0.09 sys=0.00, real=0.01 secs] 
4.851: [Full GC (Ergonomics) [PSYoungGen: 2047K->2047K(2560K)] [ParOldGen: 6975K->6973K(7168K)] 9023K->9021K(9728K), [Metaspace: 3844K->3844K(1056768K)], 0.0139691 secs] [Times: user=0.06 sys=0.00, real=0.01 secs] 
4.865: [Full GC (Ergonomics) [PSYoungGen: 2047K->2047K(2560K)] [ParOldGen: 6975K->6973K(7168K)] 9023K->9021K(9728K), [Metaspace: 3844K->3844K(1056768K)], 0.0125597 secs] [Times: user=0.01 sys=0.00, real=0.01 secs] 
4.878: [Full GC (Ergonomics) [PSYoungGen: 2047K->2047K(2560K)] [ParOldGen: 6976K->6973K(7168K)] 9023K->9021K(9728K), [Metaspace: 3844K->3844K(1056768K)], 0.0126800 secs] [Times: user=0.00 sys=0.00, real=0.01 secs] 
4.891: [Full GC (Ergonomics) [PSYoungGen: 2047K->2047K(2560K)] [ParOldGen: 6976K->6973K(7168K)] 9023K->9021K(9728K), [Metaspace: 3844K->3844K(1056768K)], 0.0133262 secs] [Times: user=0.09 sys=0.00, real=0.01 secs] 
4.904: [Full GC (Ergonomics) [PSYoungGen: 2047K->2047K(2560K)] [ParOldGen: 6976K->6974K(7168K)] 9024K->9022K(9728K), [Metaspace: 3844K->3844K(1056768K)], 0.0140490 secs] [Times: user=0.06 sys=0.00, real=0.01 secs] 
4.918: [Full GC (Ergonomics) [PSYoungGen: 2047K->2047K(2560K)] [ParOldGen: 6976K->6974K(7168K)] 9024K->9022K(9728K), [Metaspace: 3844K->3844K(1056768K)], 0.0143943 secs] [Times: user=0.06 sys=0.00, real=0.02 secs] 
4.933: [Full GC (Ergonomics) [PSYoungGen: 2047K->2047K(2560K)] [ParOldGen: 6976K->6974K(7168K)] 9024K->9022K(9728K), [Metaspace: 3844K->3844K(1056768K)], 0.0142083 secs] [Times: user=0.06 sys=0.02, real=0.01 secs] 
4.947: [Full GC (Ergonomics) [PSYoungGen: 2047K->2047K(2560K)] [ParOldGen: 6977K->6975K(7168K)] 9025K->9023K(9728K), [Metaspace: 3844K->3844K(1056768K)], 0.0128018 secs] [Times: user=0.06 sys=0.00, real=0.01 secs] 
4.960: [Full GC (Ergonomics) [PSYoungGen: 2047K->2047K(2560K)] [ParOldGen: 6977K->6975K(7168K)] 9025K->9023K(9728K), [Metaspace: 3844K->3844K(1056768K)], 0.0136307 secs] [Times: user=0.05 sys=0.00, real=0.01 secs] 
4.974: [Full GC (Ergonomics) [PSYoungGen: 2047K->2047K(2560K)] [ParOldGen: 6977K->6975K(7168K)] 9025K->9023K(9728K), [Metaspace: 3844K->3844K(1056768K)], 0.0133364 secs] [Times: user=0.06 sys=0.00, real=0.01 secs] 
4.988: [Full GC (Ergonomics) [PSYoungGen: 2047K->2047K(2560K)] [ParOldGen: 6978K->6976K(7168K)] 9026K->9024K(9728K), [Metaspace: 3844K->3844K(1056768K)], 0.0135177 secs] [Times: user=0.00 sys=0.00, real=0.01 secs] 
5.001: [Full GC (Ergonomics) [PSYoungGen: 2047K->2047K(2560K)] [ParOldGen: 6978K->6976K(7168K)] 9026K->9024K(9728K), [Metaspace: 3844K->3844K(1056768K)], 0.0132427 secs] [Times: user=0.00 sys=0.00, real=0.01 secs] 
5.015: [Full GC (Ergonomics) [PSYoungGen: 2047K->2047K(2560K)] [ParOldGen: 6978K->6976K(7168K)] 9026K->9024K(9728K), [Metaspace: 3844K->3844K(1056768K)], 0.0131351 secs] [Times: user=0.09 sys=0.00, real=0.01 secs] 
5.028: [Full GC (Ergonomics) [PSYoungGen: 2047K->2047K(2560K)] [ParOldGen: 6978K->6976K(7168K)] 9026K->9024K(9728K), [Metaspace: 3844K->3844K(1056768K)], 0.0130005 secs] [Times: user=0.06 sys=0.00, real=0.01 secs] 
5.041: [Full GC (Ergonomics) [PSYoungGen: 2047K->2047K(2560K)] [ParOldGen: 6979K->6977K(7168K)] 9027K->9025K(9728K), [Metaspace: 3844K->3844K(1056768K)], 0.0130111 secs] [Times: user=0.02 sys=0.00, real=0.01 secs] 
5.054: [Full GC (Ergonomics) [PSYoungGen: 2047K->2047K(2560K)] [ParOldGen: 6979K->6977K(7168K)] 9027K->9025K(9728K), [Metaspace: 3844K->3844K(1056768K)], 0.0127074 secs] [Times: user=0.00 sys=0.00, real=0.01 secs] 
5.067: [Full GC (Ergonomics) [PSYoungGen: 2047K->2047K(2560K)] [ParOldGen: 6979K->6977K(7168K)] 9027K->9025K(9728K), [Metaspace: 3844K->3844K(1056768K)], 0.0127748 secs] [Times: user=0.09 sys=0.00, real=0.01 secs] 
5.080: [Full GC (Ergonomics) [PSYoungGen: 2047K->2047K(2560K)] [ParOldGen: 6980K->6978K(7168K)] 9028K->9026K(9728K), [Metaspace: 3844K->3844K(1056768K)], 0.0135239 secs] [Times: user=0.00 sys=0.00, real=0.01 secs] 
5.094: [Full GC (Ergonomics) [PSYoungGen: 2047K->2047K(2560K)] [ParOldGen: 6980K->6978K(7168K)] 9028K->9026K(9728K), [Metaspace: 3844K->3844K(1056768K)], 0.0131971 secs] [Times: user=0.09 sys=0.00, real=0.01 secs] 
5.107: [Full GC (Ergonomics) [PSYoungGen: 2047K->2047K(2560K)] [ParOldGen: 6980K->6978K(7168K)] 9028K->9026K(9728K), [Metaspace: 3844K->3844K(1056768K)], 0.0128798 secs] [Times: user=0.09 sys=0.00, real=0.01 secs] 
5.120: [Full GC (Ergonomics) [PSYoungGen: 2047K->2047K(2560K)] [ParOldGen: 6980K->6978K(7168K)] 9028K->9026K(9728K), [Metaspace: 3844K->3844K(1056768K)], 0.0137583 secs] [Times: user=0.09 sys=0.00, real=0.01 secs] 
5.134: [Full GC (Ergonomics) [PSYoungGen: 2047K->2047K(2560K)] [ParOldGen: 6981K->6979K(7168K)] 9029K->9027K(9728K), [Metaspace: 3844K->3844K(1056768K)], 0.0132948 secs] [Times: user=0.05 sys=0.00, real=0.01 secs] 
5.148: [Full GC (Ergonomics) [PSYoungGen: 2047K->2047K(2560K)] [ParOldGen: 6981K->6979K(7168K)] 9029K->9027K(9728K), [Metaspace: 3844K->3844K(1056768K)], 0.0140286 secs] [Times: user=0.03 sys=0.03, real=0.02 secs] 
5.162: [Full GC (Ergonomics) [PSYoungGen: 2047K->2047K(2560K)] [ParOldGen: 6981K->6979K(7168K)] 9029K->9027K(9728K), [Metaspace: 3844K->3844K(1056768K)], 0.0167406 secs] [Times: user=0.06 sys=0.00, real=0.02 secs] 
5.179: [Full GC (Ergonomics) [PSYoungGen: 2047K->2047K(2560K)] [ParOldGen: 6982K->6980K(7168K)] 9030K->9028K(9728K), [Metaspace: 3844K->3844K(1056768K)], 0.0137809 secs] [Times: user=0.05 sys=0.00, real=0.01 secs] 
5.193: [Full GC (Ergonomics) [PSYoungGen: 2047K->2047K(2560K)] [ParOldGen: 6982K->6980K(7168K)] 9030K->9028K(9728K), [Metaspace: 3844K->3844K(1056768K)], 0.0129520 secs] [Times: user=0.08 sys=0.00, real=0.01 secs] 
5.206: [Full GC (Ergonomics) [PSYoungGen: 2047K->2047K(2560K)] [ParOldGen: 6982K->6980K(7168K)] 9030K->9028K(9728K), [Metaspace: 3844K->3844K(1056768K)], 0.0123306 secs] [Times: user=0.00 sys=0.00, real=0.01 secs] 
5.219: [Full GC (Ergonomics) [PSYoungGen: 2047K->2047K(2560K)] [ParOldGen: 6982K->6980K(7168K)] 9030K->9028K(9728K), [Metaspace: 3844K->3844K(1056768K)], 0.0135775 secs] [Times: user=0.08 sys=0.00, real=0.01 secs] 
5.232: [Full GC (Ergonomics) [PSYoungGen: 2047K->2047K(2560K)] [ParOldGen: 6983K->6981K(7168K)] 9031K->9029K(9728K), [Metaspace: 3844K->3844K(1056768K)], 0.0140807 secs] [Times: user=0.05 sys=0.00, real=0.01 secs] 
5.247: [Full GC (Ergonomics) [PSYoungGen: 2047K->2047K(2560K)] [ParOldGen: 6983K->6981K(7168K)] 9031K->9029K(9728K), [Metaspace: 3844K->3844K(1056768K)], 0.0125965 secs] [Times: user=0.08 sys=0.00, real=0.01 secs] 
5.259: [Full GC (Ergonomics) [PSYoungGen: 2047K->2047K(2560K)] [ParOldGen: 6983K->6981K(7168K)] 9031K->9029K(9728K), [Metaspace: 3844K->3844K(1056768K)], 0.0130162 secs] [Times: user=0.01 sys=0.00, real=0.01 secs] 
5.272: [Full GC (Ergonomics) [PSYoungGen: 2047K->2047K(2560K)] [ParOldGen: 6984K->6982K(7168K)] 9032K->9030K(9728K), [Metaspace: 3844K->3844K(1056768K)], 0.0116013 secs] [Times: user=0.02 sys=0.00, real=0.01 secs] 
5.284: [Full GC (Ergonomics) [PSYoungGen: 2047K->2047K(2560K)] [ParOldGen: 6984K->6982K(7168K)] 9032K->9030K(9728K), [Metaspace: 3844K->3844K(1056768K)], 0.0124659 secs] [Times: user=0.00 sys=0.00, real=0.01 secs] 
5.297: [Full GC (Ergonomics) [PSYoungGen: 2047K->2047K(2560K)] [ParOldGen: 6984K->6982K(7168K)] 9032K->9030K(9728K), [Metaspace: 3844K->3844K(1056768K)], 0.0135636 secs] [Times: user=0.09 sys=0.00, real=0.01 secs] 
5.311: [Full GC (Ergonomics) [PSYoungGen: 2047K->2047K(2560K)] [ParOldGen: 6984K->6982K(7168K)] 9032K->9030K(9728K), [Metaspace: 3844K->3844K(1056768K)], 0.0131165 secs] [Times: user=0.09 sys=0.00, real=0.01 secs] 
5.324: [Full GC (Ergonomics) [PSYoungGen: 2047K->2047K(2560K)] [ParOldGen: 6985K->6983K(7168K)] 9033K->9031K(9728K), [Metaspace: 3844K->3844K(1056768K)], 0.0128011 secs] [Times: user=0.09 sys=0.00, real=0.01 secs] 
5.337: [Full GC (Ergonomics) [PSYoungGen: 2047K->2047K(2560K)] [ParOldGen: 6985K->6983K(7168K)] 9033K->9031K(9728K), [Metaspace: 3844K->3844K(1056768K)], 0.0143013 secs] [Times: user=0.09 sys=0.00, real=0.01 secs] 
5.351: [Full GC (Ergonomics) [PSYoungGen: 2047K->2047K(2560K)] [ParOldGen: 6985K->6983K(7168K)] 9033K->9031K(9728K), [Metaspace: 3844K->3844K(1056768K)], 0.0135745 secs] [Times: user=0.05 sys=0.00, real=0.01 secs] 
5.365: [Full GC (Ergonomics) [PSYoungGen: 2047K->2047K(2560K)] [ParOldGen: 6986K->6984K(7168K)] 9034K->9031K(9728K), [Metaspace: 3844K->3844K(1056768K)], 0.0135279 secs] [Times: user=0.00 sys=0.00, real=0.01 secs] 
5.379: [Full GC (Ergonomics) [PSYoungGen: 2047K->2047K(2560K)] [ParOldGen: 6986K->6984K(7168K)] 9034K->9032K(9728K), [Metaspace: 3844K->3844K(1056768K)], 0.0126603 secs] [Times: user=0.00 sys=0.00, real=0.01 secs] 
5.392: [Full GC (Ergonomics) [PSYoungGen: 2047K->2047K(2560K)] [ParOldGen: 6986K->6984K(7168K)] 9034K->9032K(9728K), [Metaspace: 3844K->3844K(1056768K)], 0.0132664 secs] [Times: user=0.09 sys=0.00, real=0.01 secs] 
5.405: [Full GC (Ergonomics) [PSYoungGen: 2047K->2047K(2560K)] [ParOldGen: 6986K->6984K(7168K)] 9034K->9032K(9728K), [Metaspace: 3844K->3844K(1056768K)], 0.0120247 secs] [Times: user=0.06 sys=0.02, real=0.01 secs] 
5.417: [Full GC (Ergonomics) [PSYoungGen: 2047K->2047K(2560K)] [ParOldGen: 6987K->6985K(7168K)] 9035K->9033K(9728K), [Metaspace: 3844K->3844K(1056768K)], 0.0136427 secs] [Times: user=0.06 sys=0.01, real=0.01 secs] 
5.431: [Full GC (Ergonomics) [PSYoungGen: 2047K->2047K(2560K)] [ParOldGen: 6987K->6985K(7168K)] 9035K->9033K(9728K), [Metaspace: 3844K->3844K(1056768K)], 0.0139531 secs] [Times: user=0.08 sys=0.00, real=0.01 secs] 
5.445: [Full GC (Ergonomics) [PSYoungGen: 2047K->2047K(2560K)] [ParOldGen: 6987K->6985K(7168K)] 9035K->9033K(9728K), [Metaspace: 3844K->3844K(1056768K)], 0.0123872 secs] [Times: user=0.06 sys=0.02, real=0.01 secs] 
5.458: [Full GC (Ergonomics) [PSYoungGen: 2047K->2047K(2560K)] [ParOldGen: 6988K->6986K(7168K)] 9036K->9034K(9728K), [Metaspace: 3844K->3844K(1056768K)], 0.0133353 secs] [Times: user=0.06 sys=0.02, real=0.01 secs] 
5.471: [Full GC (Ergonomics) [PSYoungGen: 2047K->2047K(2560K)] [ParOldGen: 6988K->6986K(7168K)] 9036K->9034K(9728K), [Metaspace: 3844K->3844K(1056768K)], 0.0123901 secs] [Times: user=0.00 sys=0.00, real=0.01 secs] 
5.484: [Full GC (Ergonomics) [PSYoungGen: 2047K->2047K(2560K)] [ParOldGen: 6988K->6986K(7168K)] 9036K->9034K(9728K), [Metaspace: 3844K->3844K(1056768K)], 0.0138163 secs] [Times: user=0.08 sys=0.00, real=0.01 secs] 
5.498: [Full GC (Ergonomics) [PSYoungGen: 2047K->2047K(2560K)] [ParOldGen: 6988K->6986K(7168K)] 9036K->9034K(9728K), [Metaspace: 3844K->3844K(1056768K)], 0.0143064 secs] [Times: user=0.09 sys=0.00, real=0.01 secs] 
5.512: [Full GC (Ergonomics) [PSYoungGen: 2047K->2047K(2560K)] [ParOldGen: 6989K->6987K(7168K)] 9037K->9035K(9728K), [Metaspace: 3844K->3844K(1056768K)], 0.0124400 secs] [Times: user=0.09 sys=0.00, real=0.01 secs] 
5.525: [Full GC (Ergonomics) [PSYoungGen: 2047K->2047K(2560K)] [ParOldGen: 6989K->6987K(7168K)] 9037K->9035K(9728K), [Metaspace: 3844K->3844K(1056768K)], 0.0134166 secs] [Times: user=0.02 sys=0.00, real=0.01 secs] 
5.538: [Full GC (Ergonomics) [PSYoungGen: 2047K->2047K(2560K)] [ParOldGen: 6989K->6987K(7168K)] 9037K->9035K(9728K), [Metaspace: 3844K->3844K(1056768K)], 0.0116119 secs] [Times: user=0.00 sys=0.00, real=0.01 secs] 
5.550: [Full GC (Ergonomics) [PSYoungGen: 2047K->2047K(2560K)] [ParOldGen: 6990K->6988K(7168K)] 9038K->9036K(9728K), [Metaspace: 3844K->3844K(1056768K)], 0.0129655 secs] [Times: user=0.00 sys=0.00, real=0.01 secs] 
5.563: [Full GC (Ergonomics) [PSYoungGen: 2047K->2047K(2560K)] [ParOldGen: 6990K->6988K(7168K)] 9038K->9036K(9728K), [Metaspace: 3844K->3844K(1056768K)], 0.0133641 secs] [Times: user=0.09 sys=0.00, real=0.01 secs] 
5.577: [Full GC (Ergonomics) [PSYoungGen: 2047K->2047K(2560K)] [ParOldGen: 6990K->6988K(7168K)] 9038K->9036K(9728K), [Metaspace: 3844K->3844K(1056768K)], 0.0127362 secs] [Times: user=0.09 sys=0.00, real=0.01 secs] 
5.590: [Full GC (Ergonomics) [PSYoungGen: 2047K->2047K(2560K)] [ParOldGen: 6990K->6988K(7168K)] 9038K->9036K(9728K), [Metaspace: 3844K->3844K(1056768K)], 0.0123007 secs] [Times: user=0.09 sys=0.00, real=0.01 secs] 
5.602: [Full GC (Ergonomics) [PSYoungGen: 2047K->2047K(2560K)] [ParOldGen: 6991K->6989K(7168K)] 9039K->9037K(9728K), [Metaspace: 3844K->3844K(1056768K)], 0.0122559 secs] [Times: user=0.02 sys=0.00, real=0.01 secs] 
5.614: [Full GC (Ergonomics) [PSYoungGen: 2047K->2047K(2560K)] [ParOldGen: 6991K->6989K(7168K)] 9039K->9037K(9728K), [Metaspace: 3844K->3844K(1056768K)], 0.0122931 secs] [Times: user=0.09 sys=0.00, real=0.01 secs] 
5.627: [Full GC (Ergonomics) [PSYoungGen: 2047K->2047K(2560K)] [ParOldGen: 6991K->6989K(7168K)] 9039K->9037K(9728K), [Metaspace: 3844K->3844K(1056768K)], 0.0129860 secs] [Times: user=0.00 sys=0.00, real=0.01 secs] 
5.640: [Full GC (Ergonomics) [PSYoungGen: 2047K->2047K(2560K)] [ParOldGen: 6992K->6990K(7168K)] 9040K->9038K(9728K), [Metaspace: 3844K->3844K(1056768K)], 0.0140968 secs] [Times: user=0.09 sys=0.00, real=0.01 secs] 
5.654: [Full GC (Ergonomics) [PSYoungGen: 2047K->2047K(2560K)] [ParOldGen: 6992K->6990K(7168K)] 9040K->9038K(9728K), [Metaspace: 3844K->3844K(1056768K)], 0.0131679 secs] [Times: user=0.08 sys=0.00, real=0.01 secs] 
5.668: [Full GC (Ergonomics) [PSYoungGen: 2047K->2047K(2560K)] [ParOldGen: 6992K->6990K(7168K)] 9040K->9038K(9728K), [Metaspace: 3844K->3844K(1056768K)], 0.0131811 secs] [Times: user=0.08 sys=0.00, real=0.01 secs] 
5.681: [Full GC (Ergonomics) [PSYoungGen: 2047K->2047K(2560K)] [ParOldGen: 6992K->6990K(7168K)] 9040K->9038K(9728K), [Metaspace: 3844K->3844K(1056768K)], 0.0130713 secs] [Times: user=0.06 sys=0.02, real=0.01 secs] 
5.694: [Full GC (Ergonomics) [PSYoungGen: 2047K->2047K(2560K)] [ParOldGen: 6993K->6991K(7168K)] 9041K->9039K(9728K), [Metaspace: 3844K->3844K(1056768K)], 0.0129477 secs] [Times: user=0.02 sys=0.00, real=0.01 secs] 
5.707: [Full GC (Ergonomics) [PSYoungGen: 2047K->2047K(2560K)] [ParOldGen: 6993K->6991K(7168K)] 9041K->9039K(9728K), [Metaspace: 3844K->3844K(1056768K)], 0.0128463 secs] [Times: user=0.00 sys=0.00, real=0.01 secs] 
5.721: [Full GC (Ergonomics) [PSYoungGen: 2047K->2047K(2560K)] [ParOldGen: 6993K->6991K(7168K)] 9041K->9039K(9728K), [Metaspace: 3844K->3844K(1056768K)], 0.0118015 secs] [Times: user=0.00 sys=0.00, real=0.01 secs] 
5.733: [Full GC (Ergonomics) [PSYoungGen: 2047K->2047K(2560K)] [ParOldGen: 6994K->6991K(7168K)] 9042K->9039K(9728K), [Metaspace: 3844K->3844K(1056768K)], 0.0127314 secs] [Times: user=0.06 sys=0.00, real=0.01 secs] 
5.746: [Full GC (Ergonomics) [PSYoungGen: 2047K->2047K(2560K)] [ParOldGen: 6994K->6992K(7168K)] 9042K->9040K(9728K), [Metaspace: 3844K->3844K(1056768K)], 0.0123941 secs] [Times: user=0.09 sys=0.00, real=0.01 secs] 
5.758: [Full GC (Ergonomics) [PSYoungGen: 2047K->2047K(2560K)] [ParOldGen: 6994K->6992K(7168K)] 9042K->9040K(9728K), [Metaspace: 3844K->3844K(1056768K)], 0.0134546 secs] [Times: user=0.09 sys=0.00, real=0.01 secs] 
5.772: [Full GC (Ergonomics) [PSYoungGen: 2047K->2047K(2560K)] [ParOldGen: 6994K->6992K(7168K)] 9042K->9040K(9728K), [Metaspace: 3844K->3844K(1056768K)], 0.0125152 secs] [Times: user=0.02 sys=0.00, real=0.01 secs] 
5.784: [Full GC (Ergonomics) [PSYoungGen: 2047K->2047K(2560K)] [ParOldGen: 6995K->6993K(7168K)] 9043K->9041K(9728K), [Metaspace: 3844K->3844K(1056768K)], 0.0137011 secs] [Times: user=0.03 sys=0.00, real=0.01 secs] 
5.798: [Full GC (Ergonomics) [PSYoungGen: 2047K->2047K(2560K)] [ParOldGen: 6995K->6993K(7168K)] 9043K->9041K(9728K), [Metaspace: 3844K->3844K(1056768K)], 0.0148936 secs] [Times: user=0.00 sys=0.00, real=0.02 secs] 
5.813: [Full GC (Ergonomics) [PSYoungGen: 2047K->2047K(2560K)] [ParOldGen: 6995K->6993K(7168K)] 9043K->9041K(9728K), [Metaspace: 3844K->3844K(1056768K)], 0.0128350 secs] [Times: user=0.09 sys=0.00, real=0.01 secs] 
5.826: [Full GC (Ergonomics) [PSYoungGen: 2047K->2047K(2560K)] [ParOldGen: 6996K->6993K(7168K)] 9044K->9041K(9728K), [Metaspace: 3844K->3844K(1056768K)], 0.0132956 secs] [Times: user=0.09 sys=0.00, real=0.01 secs] 
5.840: [Full GC (Ergonomics) [PSYoungGen: 2047K->2047K(2560K)] [ParOldGen: 6996K->6994K(7168K)] 9044K->9042K(9728K), [Metaspace: 3844K->3844K(1056768K)], 0.0122964 secs] [Times: user=0.09 sys=0.00, real=0.01 secs] 
5.852: [Full GC (Ergonomics) [PSYoungGen: 2047K->2047K(2560K)] [ParOldGen: 6996K->6994K(7168K)] 9044K->9042K(9728K), [Metaspace: 3844K->3844K(1056768K)], 0.0131136 secs] [Times: user=0.06 sys=0.00, real=0.01 secs] 
5.865: [Full GC (Ergonomics) [PSYoungGen: 2047K->2047K(2560K)] [ParOldGen: 6997K->6994K(7168K)] 9045K->9042K(9728K), [Metaspace: 3844K->3844K(1056768K)], 0.0129816 secs] [Times: user=0.02 sys=0.00, real=0.01 secs] 
5.879: [Full GC (Ergonomics) [PSYoungGen: 2047K->2047K(2560K)] [ParOldGen: 6997K->6995K(7168K)] 9045K->9043K(9728K), [Metaspace: 3844K->3844K(1056768K)], 0.0129546 secs] [Times: user=0.09 sys=0.00, real=0.01 secs] 
5.892: [Full GC (Ergonomics) [PSYoungGen: 2047K->2047K(2560K)] [ParOldGen: 6997K->6995K(7168K)] 9045K->9043K(9728K), [Metaspace: 3844K->3844K(1056768K)], 0.0130833 secs] [Times: user=0.00 sys=0.00, real=0.01 secs] 
5.905: [Full GC (Ergonomics) [PSYoungGen: 2047K->2047K(2560K)] [ParOldGen: 6997K->6995K(7168K)] 9045K->9043K(9728K), [Metaspace: 3844K->3844K(1056768K)], 0.0118628 secs] [Times: user=0.09 sys=0.00, real=0.01 secs] 
5.917: [Full GC (Ergonomics) [PSYoungGen: 2047K->2047K(2560K)] [ParOldGen: 6998K->6996K(7168K)] 9046K->9044K(9728K), [Metaspace: 3844K->3844K(1056768K)], 0.0130246 secs] [Times: user=0.08 sys=0.00, real=0.01 secs] 
5.930: [Full GC (Ergonomics) [PSYoungGen: 2047K->2047K(2560K)] [ParOldGen: 6998K->6996K(7168K)] 9046K->9044K(9728K), [Metaspace: 3844K->3844K(1056768K)], 0.0140931 secs] [Times: user=0.05 sys=0.00, real=0.01 secs] 
5.944: [Full GC (Ergonomics) [PSYoungGen: 2047K->2047K(2560K)] [ParOldGen: 6998K->6996K(7168K)] 9046K->9044K(9728K), [Metaspace: 3844K->3844K(1056768K)], 0.0126906 secs] [Times: user=0.08 sys=0.00, real=0.01 secs] 
5.957: [Full GC (Ergonomics) [PSYoungGen: 2047K->2047K(2560K)] [ParOldGen: 6999K->6996K(7168K)] 9047K->9044K(9728K), [Metaspace: 3844K->3844K(1056768K)], 0.0118693 secs] [Times: user=0.00 sys=0.00, real=0.01 secs] 
5.969: [Full GC (Ergonomics) [PSYoungGen: 2047K->2047K(2560K)] [ParOldGen: 6999K->6997K(7168K)] 9047K->9045K(9728K), [Metaspace: 3844K->3844K(1056768K)], 0.0126082 secs] [Times: user=0.08 sys=0.00, real=0.01 secs] 
5.982: [Full GC (Ergonomics) [PSYoungGen: 2047K->2047K(2560K)] [ParOldGen: 6999K->6997K(7168K)] 9047K->9045K(9728K), [Metaspace: 3844K->3844K(1056768K)], 0.0127103 secs] [Times: user=0.05 sys=0.00, real=0.01 secs] 
5.995: [Full GC (Ergonomics) [PSYoungGen: 2047K->2047K(2560K)] [ParOldGen: 6999K->6997K(7168K)] 9047K->9045K(9728K), [Metaspace: 3844K->3844K(1056768K)], 0.0130815 secs] [Times: user=0.09 sys=0.00, real=0.01 secs] 
6.008: [Full GC (Ergonomics) [PSYoungGen: 2047K->2047K(2560K)] [ParOldGen: 7000K->6998K(7168K)] 9048K->9046K(9728K), [Metaspace: 3844K->3844K(1056768K)], 0.0129619 secs] [Times: user=0.09 sys=0.00, real=0.01 secs] 
6.021: [Full GC (Ergonomics) [PSYoungGen: 2047K->2047K(2560K)] [ParOldGen: 7000K->6998K(7168K)] 9048K->9046K(9728K), [Metaspace: 3844K->3844K(1056768K)], 0.0120287 secs] [Times: user=0.09 sys=0.00, real=0.01 secs] 
6.033: [Full GC (Ergonomics) [PSYoungGen: 2047K->2047K(2560K)] [ParOldGen: 7000K->6998K(7168K)] 9048K->9046K(9728K), [Metaspace: 3844K->3844K(1056768K)], 0.0137098 secs] [Times: user=0.00 sys=0.00, real=0.01 secs] 
6.047: [Full GC (Ergonomics) [PSYoungGen: 2047K->2047K(2560K)] [ParOldGen: 7001K->6998K(7168K)] 9049K->9046K(9728K), [Metaspace: 3844K->3844K(1056768K)], 0.0124462 secs] [Times: user=0.09 sys=0.00, real=0.01 secs] 
6.060: [Full GC (Ergonomics) [PSYoungGen: 2047K->2047K(2560K)] [ParOldGen: 7001K->6999K(7168K)] 9049K->9047K(9728K), [Metaspace: 3844K->3844K(1056768K)], 0.0128000 secs] [Times: user=0.09 sys=0.00, real=0.01 secs] 
6.073: [Full GC (Ergonomics) [PSYoungGen: 2047K->2047K(2560K)] [ParOldGen: 7001K->6999K(7168K)] 9049K->9047K(9728K), [Metaspace: 3844K->3844K(1056768K)], 0.0118336 secs] [Times: user=0.09 sys=0.00, real=0.01 secs] 
6.085: [Full GC (Ergonomics) [PSYoungGen: 2047K->2047K(2560K)] [ParOldGen: 7001K->6999K(7168K)] 9049K->9047K(9728K), [Metaspace: 3844K->3844K(1056768K)], 0.0139130 secs] [Times: user=0.00 sys=0.00, real=0.01 secs] 
6.099: [Full GC (Ergonomics) [PSYoungGen: 2047K->2047K(2560K)] [ParOldGen: 7001K->6999K(7168K)] 9049K->9047K(9728K), [Metaspace: 3844K->3844K(1056768K)], 0.0147772 secs] [Times: user=0.00 sys=0.00, real=0.01 secs] 
6.114: [Full GC (Ergonomics) [PSYoungGen: 2047K->2047K(2560K)] [ParOldGen: 7002K->7000K(7168K)] 9050K->9048K(9728K), [Metaspace: 3844K->3844K(1056768K)], 0.0125349 secs] [Times: user=0.09 sys=0.00, real=0.01 secs] 
6.126: [Full GC (Ergonomics) [PSYoungGen: 2047K->2047K(2560K)] [ParOldGen: 7002K->7000K(7168K)] 9050K->9048K(9728K), [Metaspace: 3844K->3844K(1056768K)], 0.0131366 secs] [Times: user=0.00 sys=0.00, real=0.01 secs] 
6.140: [Full GC (Ergonomics) [PSYoungGen: 2047K->2047K(2560K)] [ParOldGen: 7003K->7000K(7168K)] 9051K->9048K(9728K), [Metaspace: 3844K->3844K(1056768K)], 0.0121786 secs] [Times: user=0.09 sys=0.00, real=0.01 secs] 
6.152: [Full GC (Ergonomics) [PSYoungGen: 2047K->2047K(2560K)] [ParOldGen: 7003K->7001K(7168K)] 9051K->9049K(9728K), [Metaspace: 3844K->3844K(1056768K)], 0.0131617 secs] [Times: user=0.08 sys=0.00, real=0.01 secs] 
6.166: [Full GC (Ergonomics) [PSYoungGen: 2047K->2047K(2560K)] [ParOldGen: 7003K->7001K(7168K)] 9051K->9049K(9728K), [Metaspace: 3844K->3844K(1056768K)], 0.0137437 secs] [Times: user=0.08 sys=0.00, real=0.01 secs] 
6.179: [Full GC (Ergonomics) [PSYoungGen: 2047K->2047K(2560K)] [ParOldGen: 7003K->7001K(7168K)] 9051K->9049K(9728K), [Metaspace: 3844K->3844K(1056768K)], 0.0142692 secs] [Times: user=0.06 sys=0.00, real=0.01 secs] 
6.194: [Full GC (Ergonomics) [PSYoungGen: 2047K->2047K(2560K)] [ParOldGen: 7004K->7001K(7168K)] 9052K->9049K(9728K), [Metaspace: 3844K->3844K(1056768K)], 0.0144023 secs] [Times: user=0.00 sys=0.00, real=0.01 secs] 
6.208: [Full GC (Ergonomics) [PSYoungGen: 2047K->2047K(2560K)] [ParOldGen: 7004K->7002K(7168K)] 9052K->9050K(9728K), [Metaspace: 3844K->3844K(1056768K)], 0.0132288 secs] [Times: user=0.02 sys=0.00, real=0.01 secs] 
6.222: [Full GC (Ergonomics) [PSYoungGen: 2047K->2047K(2560K)] [ParOldGen: 7004K->7002K(7168K)] 9052K->9050K(9728K), [Metaspace: 3844K->3844K(1056768K)], 0.0124083 secs] [Times: user=0.00 sys=0.00, real=0.01 secs] 
6.234: [Full GC (Ergonomics) [PSYoungGen: 2047K->2047K(2560K)] [ParOldGen: 7004K->7002K(7168K)] 9052K->9050K(9728K), [Metaspace: 3844K->3844K(1056768K)], 0.0135344 secs] [Times: user=0.03 sys=0.00, real=0.01 secs] 
6.248: [Full GC (Ergonomics) [PSYoungGen: 2047K->2047K(2560K)] [ParOldGen: 7005K->7003K(7168K)] 9053K->9051K(9728K), [Metaspace: 3844K->3844K(1056768K)], 0.0128711 secs] [Times: user=0.06 sys=0.02, real=0.01 secs] 
6.261: [Full GC (Ergonomics) [PSYoungGen: 2047K->2047K(2560K)] [ParOldGen: 7005K->7003K(7168K)] 9053K->9051K(9728K), [Metaspace: 3844K->3844K(1056768K)], 0.0130976 secs] [Times: user=0.02 sys=0.00, real=0.01 secs] 
6.274: [Full GC (Ergonomics) [PSYoungGen: 2047K->2047K(2560K)] [ParOldGen: 7005K->7003K(7168K)] 9053K->9051K(9728K), [Metaspace: 3844K->3844K(1056768K)], 0.0131056 secs] [Times: user=0.02 sys=0.00, real=0.01 secs] 
6.288: [Full GC (Ergonomics) [PSYoungGen: 2047K->2047K(2560K)] [ParOldGen: 7006K->7003K(7168K)] 9054K->9051K(9728K), [Metaspace: 3844K->3844K(1056768K)], 0.0118077 secs] [Times: user=0.02 sys=0.00, real=0.01 secs] 
6.300: [Full GC (Ergonomics) [PSYoungGen: 2047K->2047K(2560K)] [ParOldGen: 7006K->7004K(7168K)] 9054K->9052K(9728K), [Metaspace: 3844K->3844K(1056768K)], 0.0135038 secs] [Times: user=0.00 sys=0.03, real=0.01 secs] 
6.313: [Full GC (Ergonomics) [PSYoungGen: 2047K->2047K(2560K)] [ParOldGen: 7006K->7004K(7168K)] 9054K->9052K(9728K), [Metaspace: 3844K->3844K(1056768K)], 0.0129823 secs] [Times: user=0.00 sys=0.00, real=0.01 secs] 
6.326: [Full GC (Ergonomics) [PSYoungGen: 2047K->2047K(2560K)] [ParOldGen: 7006K->7004K(7168K)] 9054K->9052K(9728K), [Metaspace: 3844K->3844K(1056768K)], 0.0128441 secs] [Times: user=0.09 sys=0.00, real=0.01 secs] 
6.339: [Full GC (Ergonomics) [PSYoungGen: 2047K->2047K(2560K)] [ParOldGen: 7007K->7005K(7168K)] 9055K->9053K(9728K), [Metaspace: 3844K->3844K(1056768K)], 0.0121563 secs] [Times: user=0.09 sys=0.00, real=0.01 secs] 
6.352: [Full GC (Ergonomics) [PSYoungGen: 2047K->2047K(2560K)] [ParOldGen: 7007K->7005K(7168K)] 9055K->9053K(9728K), [Metaspace: 3844K->3844K(1056768K)], 0.0124663 secs] [Times: user=0.06 sys=0.00, real=0.01 secs] 
6.364: [Full GC (Ergonomics) [PSYoungGen: 2047K->2047K(2560K)] [ParOldGen: 7007K->7005K(7168K)] 9055K->9053K(9728K), [Metaspace: 3844K->3844K(1056768K)], 0.0130724 secs] [Times: user=0.02 sys=0.00, real=0.01 secs] 
6.378: [Full GC (Ergonomics) [PSYoungGen: 2047K->2047K(2560K)] [ParOldGen: 7008K->7006K(7168K)] 9056K->9054K(9728K), [Metaspace: 3844K->3844K(1056768K)], 0.0131471 secs] [Times: user=0.00 sys=0.00, real=0.01 secs] 
6.391: [Full GC (Ergonomics) [PSYoungGen: 2047K->2047K(2560K)] [ParOldGen: 7008K->7006K(7168K)] 9056K->9054K(9728K), [Metaspace: 3844K->3844K(1056768K)], 0.0130432 secs] [Times: user=0.09 sys=0.00, real=0.01 secs] 
6.404: [Full GC (Ergonomics) [PSYoungGen: 2047K->2047K(2560K)] [ParOldGen: 7008K->7006K(7168K)] 9056K->9054K(9728K), [Metaspace: 3844K->3844K(1056768K)], 0.0122497 secs] [Times: user=0.08 sys=0.00, real=0.01 secs] 
6.417: [Full GC (Ergonomics) [PSYoungGen: 2047K->2047K(2560K)] [ParOldGen: 7008K->7006K(7168K)] 9056K->9054K(9728K), [Metaspace: 3844K->3844K(1056768K)], 0.0125998 secs] [Times: user=0.05 sys=0.03, real=0.01 secs] 
6.429: [Full GC (Ergonomics) [PSYoungGen: 2047K->2047K(2560K)] [ParOldGen: 7009K->7007K(7168K)] 9057K->9055K(9728K), [Metaspace: 3844K->3844K(1056768K)], 0.0139578 secs] [Times: user=0.02 sys=0.00, real=0.01 secs] 
6.443: [Full GC (Ergonomics) [PSYoungGen: 2047K->2047K(2560K)] [ParOldGen: 7009K->7007K(7168K)] 9057K->9055K(9728K), [Metaspace: 3844K->3844K(1056768K)], 0.0127777 secs] [Times: user=0.02 sys=0.00, real=0.01 secs] 
6.456: [Full GC (Ergonomics) [PSYoungGen: 2047K->2047K(2560K)] [ParOldGen: 7009K->7007K(7168K)] 9057K->9055K(9728K), [Metaspace: 3844K->3844K(1056768K)], 0.0118883 secs] [Times: user=0.00 sys=0.00, real=0.01 secs] 
6.468: [Full GC (Ergonomics) [PSYoungGen: 2047K->2047K(2560K)] [ParOldGen: 7010K->7008K(7168K)] 9058K->9056K(9728K), [Metaspace: 3844K->3844K(1056768K)], 0.0127369 secs] [Times: user=0.08 sys=0.00, real=0.01 secs] 
6.481: [Full GC (Ergonomics) [PSYoungGen: 2047K->2047K(2560K)] [ParOldGen: 7010K->7008K(7168K)] 9058K->9056K(9728K), [Metaspace: 3844K->3844K(1056768K)], 0.0128346 secs] [Times: user=0.06 sys=0.00, real=0.01 secs] 
6.494: [Full GC (Ergonomics) [PSYoungGen: 2047K->2047K(2560K)] [ParOldGen: 7010K->7008K(7168K)] 9058K->9056K(9728K), [Metaspace: 3844K->3844K(1056768K)], 0.0128809 secs] [Times: user=0.09 sys=0.00, real=0.01 secs] 
6.507: [Full GC (Ergonomics) [PSYoungGen: 2047K->2047K(2560K)] [ParOldGen: 7010K->7008K(7168K)] 9058K->9056K(9728K), [Metaspace: 3844K->3844K(1056768K)], 0.0124922 secs] [Times: user=0.02 sys=0.00, real=0.01 secs] 
6.520: [Full GC (Ergonomics) [PSYoungGen: 2047K->2047K(2560K)] [ParOldGen: 7011K->7009K(7168K)] 9059K->9057K(9728K), [Metaspace: 3844K->3844K(1056768K)], 0.0131997 secs] [Times: user=0.08 sys=0.00, real=0.01 secs] 
6.533: [Full GC (Ergonomics) [PSYoungGen: 2047K->2047K(2560K)] [ParOldGen: 7011K->7009K(7168K)] 9059K->9057K(9728K), [Metaspace: 3844K->3844K(1056768K)], 0.0135567 secs] [Times: user=0.00 sys=0.00, real=0.01 secs] 
6.547: [Full GC (Ergonomics) [PSYoungGen: 2047K->2047K(2560K)] [ParOldGen: 7011K->7009K(7168K)] 9059K->9057K(9728K), [Metaspace: 3844K->3844K(1056768K)], 0.0136099 secs] [Times: user=0.09 sys=0.00, real=0.01 secs] 
6.561: [Full GC (Ergonomics) [PSYoungGen: 2047K->2047K(2560K)] [ParOldGen: 7011K->7009K(7168K)] 9059K->9057K(9728K), [Metaspace: 3844K->3844K(1056768K)], 0.0131490 secs] [Times: user=0.09 sys=0.00, real=0.01 secs] 
6.574: [Full GC (Ergonomics) [PSYoungGen: 2047K->2047K(2560K)] [ParOldGen: 7012K->7010K(7168K)] 9060K->9058K(9728K), [Metaspace: 3844K->3844K(1056768K)], 0.0128685 secs] [Times: user=0.09 sys=0.00, real=0.01 secs] 
6.587: [Full GC (Ergonomics) [PSYoungGen: 2047K->2047K(2560K)] [ParOldGen: 7012K->7010K(7168K)] 9060K->9058K(9728K), [Metaspace: 3844K->3844K(1056768K)], 0.0122497 secs] [Times: user=0.06 sys=0.00, real=0.01 secs] 
6.600: [Full GC (Ergonomics) [PSYoungGen: 2047K->2047K(2560K)] [ParOldGen: 7012K->7010K(7168K)] 9060K->9058K(9728K), [Metaspace: 3844K->3844K(1056768K)], 0.0126527 secs] [Times: user=0.01 sys=0.00, real=0.01 secs] 
6.612: [Full GC (Ergonomics) [PSYoungGen: 2047K->2047K(2560K)] [ParOldGen: 7013K->7011K(7168K)] 9061K->9059K(9728K), [Metaspace: 3844K->3844K(1056768K)], 0.0129185 secs] [Times: user=0.00 sys=0.00, real=0.01 secs] 
6.626: [Full GC (Ergonomics) [PSYoungGen: 2047K->2047K(2560K)] [ParOldGen: 7013K->7011K(7168K)] 9061K->9059K(9728K), [Metaspace: 3844K->3844K(1056768K)], 0.0130921 secs] [Times: user=0.09 sys=0.00, real=0.01 secs] 
6.639: [Full GC (Ergonomics) [PSYoungGen: 2047K->2047K(2560K)] [ParOldGen: 7013K->7011K(7168K)] 9061K->9059K(9728K), [Metaspace: 3844K->3844K(1056768K)], 0.0119156 secs] [Times: user=0.09 sys=0.00, real=0.01 secs] 
6.651: [Full GC (Ergonomics) [PSYoungGen: 2047K->2047K(2560K)] [ParOldGen: 7014K->7011K(7168K)] 9062K->9059K(9728K), [Metaspace: 3844K->3844K(1056768K)], 0.0127471 secs] [Times: user=0.05 sys=0.00, real=0.01 secs] 
6.664: [Full GC (Ergonomics) [PSYoungGen: 2047K->2047K(2560K)] [ParOldGen: 7014K->7012K(7168K)] 9062K->9060K(9728K), [Metaspace: 3844K->3844K(1056768K)], 0.0139928 secs] [Times: user=0.03 sys=0.00, real=0.02 secs] 
6.678: [Full GC (Ergonomics) [PSYoungGen: 2047K->2047K(2560K)] [ParOldGen: 7014K->7012K(7168K)] 9062K->9060K(9728K), [Metaspace: 3844K->3844K(1056768K)], 0.0128044 secs] [Times: user=0.02 sys=0.00, real=0.01 secs] 
6.691: [Full GC (Ergonomics) [PSYoungGen: 2047K->2047K(2560K)] [ParOldGen: 7014K->7012K(7168K)] 9062K->9060K(9728K), [Metaspace: 3844K->3844K(1056768K)], 0.0132095 secs] [Times: user=0.00 sys=0.00, real=0.01 secs] 
6.704: [Full GC (Ergonomics) [PSYoungGen: 2047K->2047K(2560K)] [ParOldGen: 7015K->7013K(7168K)] 9063K->9061K(9728K), [Metaspace: 3844K->3844K(1056768K)], 0.0128485 secs] [Times: user=0.08 sys=0.00, real=0.01 secs] 
6.717: [Full GC (Ergonomics) [PSYoungGen: 2047K->2047K(2560K)] [ParOldGen: 7015K->7013K(7168K)] 9063K->9061K(9728K), [Metaspace: 3844K->3844K(1056768K)], 0.0147182 secs] [Times: user=0.08 sys=0.00, real=0.02 secs] 
6.732: [Full GC (Ergonomics) [PSYoungGen: 2047K->2047K(2560K)] [ParOldGen: 7015K->7013K(7168K)] 9063K->9061K(9728K), [Metaspace: 3844K->3844K(1056768K)], 0.0132259 secs] [Times: user=0.08 sys=0.00, real=0.01 secs] 
6.745: [Full GC (Ergonomics) [PSYoungGen: 2047K->2047K(2560K)] [ParOldGen: 7016K->7013K(7168K)] 9064K->9061K(9728K), [Metaspace: 3844K->3844K(1056768K)], 0.0125670 secs] [Times: user=0.08 sys=0.00, real=0.01 secs] 
6.758: [Full GC (Ergonomics) [PSYoungGen: 2047K->2047K(2560K)] [ParOldGen: 7016K->7014K(7168K)] 9064K->9062K(9728K), [Metaspace: 3844K->3844K(1056768K)], 0.0135100 secs] [Times: user=0.02 sys=0.00, real=0.01 secs] 
6.772: [Full GC (Ergonomics) [PSYoungGen: 2047K->2047K(2560K)] [ParOldGen: 7016K->7014K(7168K)] 9064K->9062K(9728K), [Metaspace: 3844K->3844K(1056768K)], 0.0121180 secs] [Times: user=0.01 sys=0.00, real=0.01 secs] 
6.784: [Full GC (Ergonomics) [PSYoungGen: 2047K->2047K(2560K)] [ParOldGen: 7016K->7014K(7168K)] 9064K->9062K(9728K), [Metaspace: 3844K->3844K(1056768K)], 0.0127960 secs] [Times: user=0.00 sys=0.00, real=0.01 secs] 
6.797: [Full GC (Ergonomics) [PSYoungGen: 2047K->2047K(2560K)] [ParOldGen: 7017K->7015K(7168K)] 9065K->9063K(9728K), [Metaspace: 3844K->3844K(1056768K)], 0.0141482 secs] [Times: user=0.09 sys=0.00, real=0.01 secs] 
6.811: [Full GC (Ergonomics) [PSYoungGen: 2047K->2047K(2560K)] [ParOldGen: 7017K->7015K(7168K)] 9065K->9063K(9728K), [Metaspace: 3844K->3844K(1056768K)], 0.0125742 secs] [Times: user=0.09 sys=0.00, real=0.01 secs] 
6.824: [Full GC (Ergonomics) [PSYoungGen: 2047K->2047K(2560K)] [ParOldGen: 7017K->7015K(7168K)] 9065K->9063K(9728K), [Metaspace: 3844K->3844K(1056768K)], 0.0140278 secs] [Times: user=0.09 sys=0.00, real=0.01 secs] 
6.838: [Full GC (Ergonomics) [PSYoungGen: 2047K->2047K(2560K)] [ParOldGen: 7018K->7016K(7168K)] 9066K->9064K(9728K), [Metaspace: 3844K->3844K(1056768K)], 0.0128780 secs] [Times: user=0.09 sys=0.00, real=0.01 secs] 
6.851: [Full GC (Ergonomics) [PSYoungGen: 2047K->2047K(2560K)] [ParOldGen: 7018K->7016K(7168K)] 9066K->9064K(9728K), [Metaspace: 3844K->3844K(1056768K)], 0.0132365 secs] [Times: user=0.06 sys=0.00, real=0.01 secs] 
6.865: [Full GC (Ergonomics) [PSYoungGen: 2047K->2047K(2560K)] [ParOldGen: 7018K->7016K(7168K)] 9066K->9064K(9728K), [Metaspace: 3844K->3844K(1056768K)], 0.0140964 secs] [Times: user=0.00 sys=0.00, real=0.01 secs] 
6.879: [Full GC (Ergonomics) [PSYoungGen: 2047K->2047K(2560K)] [ParOldGen: 7018K->7016K(7168K)] 9066K->9064K(9728K), [Metaspace: 3844K->3844K(1056768K)], 0.0131997 secs] [Times: user=0.02 sys=0.00, real=0.01 secs] 
6.892: [Full GC (Ergonomics) [PSYoungGen: 2047K->2047K(2560K)] [ParOldGen: 7019K->7017K(7168K)] 9067K->9065K(9728K), [Metaspace: 3844K->3844K(1056768K)], 0.0133554 secs] [Times: user=0.00 sys=0.00, real=0.01 secs] 
6.906: [Full GC (Ergonomics) [PSYoungGen: 2047K->2047K(2560K)] [ParOldGen: 7019K->7017K(7168K)] 9067K->9065K(9728K), [Metaspace: 3844K->3844K(1056768K)], 0.0120922 secs] [Times: user=0.08 sys=0.00, real=0.01 secs] 
6.918: [Full GC (Ergonomics) [PSYoungGen: 2047K->2047K(2560K)] [ParOldGen: 7019K->7017K(7168K)] 9067K->9065K(9728K), [Metaspace: 3844K->3844K(1056768K)], 0.0137569 secs] [Times: user=0.06 sys=0.00, real=0.01 secs] 
6.932: [Full GC (Ergonomics) [PSYoungGen: 2047K->2047K(2560K)] [ParOldGen: 7019K->7017K(7168K)] 9067K->9065K(9728K), [Metaspace: 3844K->3844K(1056768K)], 0.0131052 secs] [Times: user=0.08 sys=0.00, real=0.01 secs] 
6.945: [Full GC (Ergonomics) [PSYoungGen: 2047K->2047K(2560K)] [ParOldGen: 7020K->7018K(7168K)] 9068K->9066K(9728K), [Metaspace: 3844K->3844K(1056768K)], 0.0131121 secs] [Times: user=0.02 sys=0.00, real=0.01 secs] 
6.959: [Full GC (Ergonomics) [PSYoungGen: 2047K->2047K(2560K)] [ParOldGen: 7020K->7018K(7168K)] 9068K->9066K(9728K), [Metaspace: 3844K->3844K(1056768K)], 0.0139655 secs] [Times: user=0.02 sys=0.00, real=0.01 secs] 
6.973: [Full GC (Ergonomics) [PSYoungGen: 2047K->2047K(2560K)] [ParOldGen: 7020K->7018K(7168K)] 9068K->9066K(9728K), [Metaspace: 3844K->3844K(1056768K)], 0.0124783 secs] [Times: user=0.00 sys=0.00, real=0.01 secs] 
6.986: [Full GC (Ergonomics) [PSYoungGen: 2047K->2047K(2560K)] [ParOldGen: 7021K->7019K(7168K)] 9069K->9067K(9728K), [Metaspace: 3844K->3844K(1056768K)], 0.0131223 secs] [Times: user=0.08 sys=0.00, real=0.01 secs] 
6.999: [Full GC (Ergonomics) [PSYoungGen: 2047K->2047K(2560K)] [ParOldGen: 7021K->7019K(7168K)] 9069K->9067K(9728K), [Metaspace: 3844K->3844K(1056768K)], 0.0139381 secs] [Times: user=0.09 sys=0.00, real=0.01 secs] 
7.013: [Full GC (Ergonomics) [PSYoungGen: 2047K->2047K(2560K)] [ParOldGen: 7021K->7019K(7168K)] 9069K->9067K(9728K), [Metaspace: 3844K->3844K(1056768K)], 0.0127168 secs] [Times: user=0.09 sys=0.00, real=0.01 secs] 
7.026: [Full GC (Ergonomics) [PSYoungGen: 2047K->2047K(2560K)] [ParOldGen: 7022K->7019K(7168K)] 9070K->9067K(9728K), [Metaspace: 3844K->3844K(1056768K)], 0.0129316 secs] [Times: user=0.02 sys=0.00, real=0.01 secs] 
7.039: [Full GC (Ergonomics) [PSYoungGen: 2047K->2047K(2560K)] [ParOldGen: 7022K->7020K(7168K)] 9070K->9068K(9728K), [Metaspace: 3844K->3844K(1056768K)], 0.0123376 secs] [Times: user=0.01 sys=0.00, real=0.01 secs] 
7.051: [Full GC (Ergonomics) [PSYoungGen: 2047K->2047K(2560K)] [ParOldGen: 7022K->7020K(7168K)] 9070K->9068K(9728K), [Metaspace: 3844K->3844K(1056768K)], 0.0125994 secs] [Times: user=0.08 sys=0.02, real=0.01 secs] 
7.064: [Full GC (Ergonomics) [PSYoungGen: 2047K->2047K(2560K)] [ParOldGen: 7022K->7020K(7168K)] 9070K->9068K(9728K), [Metaspace: 3844K->3844K(1056768K)], 0.0133058 secs] [Times: user=0.00 sys=0.00, real=0.01 secs] 
7.078: [Full GC (Ergonomics) [PSYoungGen: 2047K->2047K(2560K)] [ParOldGen: 7023K->7021K(7168K)] 9071K->9069K(9728K), [Metaspace: 3844K->3844K(1056768K)], 0.0128561 secs] [Times: user=0.09 sys=0.00, real=0.01 secs] 
7.091: [Full GC (Ergonomics) [PSYoungGen: 2047K->2047K(2560K)] [ParOldGen: 7023K->7021K(7168K)] 9071K->9069K(9728K), [Metaspace: 3844K->3844K(1056768K)], 0.0139009 secs] [Times: user=0.09 sys=0.00, real=0.01 secs] 
7.105: [Full GC (Ergonomics) [PSYoungGen: 2047K->2047K(2560K)] [ParOldGen: 7023K->7021K(7168K)] 9071K->9069K(9728K), [Metaspace: 3844K->3844K(1056768K)], 0.0125035 secs] [Times: user=0.09 sys=0.00, real=0.01 secs] 
7.117: [Full GC (Ergonomics) [PSYoungGen: 2047K->2047K(2560K)] [ParOldGen: 7024K->7021K(7168K)] 9072K->9069K(9728K), [Metaspace: 3844K->3844K(1056768K)], 0.0128722 secs] [Times: user=0.05 sys=0.00, real=0.01 secs] 
7.130: [Full GC (Ergonomics) [PSYoungGen: 2047K->2047K(2560K)] [ParOldGen: 7024K->7022K(7168K)] 9072K->9070K(9728K), [Metaspace: 3844K->3844K(1056768K)], 0.0145643 secs] [Times: user=0.00 sys=0.00, real=0.01 secs] 
7.145: [Full GC (Ergonomics) [PSYoungGen: 2047K->2047K(2560K)] [ParOldGen: 7024K->7022K(7168K)] 9072K->9070K(9728K), [Metaspace: 3844K->3844K(1056768K)], 0.0140180 secs] [Times: user=0.02 sys=0.00, real=0.01 secs] 
7.159: [Full GC (Ergonomics) [PSYoungGen: 2047K->2047K(2560K)] [ParOldGen: 7024K->7022K(7168K)] 9072K->9070K(9728K), [Metaspace: 3844K->3844K(1056768K)], 0.0145581 secs] [Times: user=0.08 sys=0.00, real=0.02 secs] 
7.174: [Full GC (Ergonomics) [PSYoungGen: 2047K->2047K(2560K)] [ParOldGen: 7025K->7023K(7168K)] 9073K->9071K(9728K), [Metaspace: 3844K->3844K(1056768K)], 0.0131548 secs] [Times: user=0.00 sys=0.00, real=0.01 secs] 
7.187: [Full GC (Ergonomics) [PSYoungGen: 2047K->2047K(2560K)] [ParOldGen: 7025K->7023K(7168K)] 9073K->9071K(9728K), [Metaspace: 3844K->3844K(1056768K)], 0.0124313 secs] [Times: user=0.06 sys=0.00, real=0.01 secs] 
7.200: [Full GC (Ergonomics) [PSYoungGen: 2047K->2047K(2560K)] [ParOldGen: 7025K->7023K(7168K)] 9073K->9071K(9728K), [Metaspace: 3844K->3844K(1056768K)], 0.0140869 secs] [Times: user=0.06 sys=0.00, real=0.01 secs] 
7.214: [Full GC (Ergonomics) [PSYoungGen: 2047K->2047K(2560K)] [ParOldGen: 7026K->7023K(7168K)] 9074K->9071K(9728K), [Metaspace: 3844K->3844K(1056768K)], 0.0140847 secs] [Times: user=0.02 sys=0.00, real=0.01 secs] 
7.229: [Full GC (Ergonomics) [PSYoungGen: 2047K->2047K(2560K)] [ParOldGen: 7026K->7024K(7168K)] 9074K->9072K(9728K), [Metaspace: 3844K->3844K(1056768K)], 0.0147670 secs] [Times: user=0.06 sys=0.00, real=0.01 secs] 
7.244: [Full GC (Ergonomics) [PSYoungGen: 2047K->2047K(2560K)] [ParOldGen: 7026K->7024K(7168K)] 9074K->9072K(9728K), [Metaspace: 3844K->3844K(1056768K)], 0.0124725 secs] [Times: user=0.06 sys=0.00, real=0.01 secs] 
7.256: [Full GC (Ergonomics) [PSYoungGen: 2047K->2047K(2560K)] [ParOldGen: 7026K->7024K(7168K)] 9074K->9072K(9728K), [Metaspace: 3844K->3844K(1056768K)], 0.0128922 secs] [Times: user=0.08 sys=0.00, real=0.01 secs] 
7.269: [Full GC (Ergonomics) [PSYoungGen: 2047K->2047K(2560K)] [ParOldGen: 7027K->7025K(7168K)] 9075K->9073K(9728K), [Metaspace: 3844K->3844K(1056768K)], 0.0137492 secs] [Times: user=0.09 sys=0.00, real=0.01 secs] 
7.283: [Full GC (Ergonomics) [PSYoungGen: 2047K->2047K(2560K)] [ParOldGen: 7027K->7025K(7168K)] 9075K->9073K(9728K), [Metaspace: 3844K->3844K(1056768K)], 0.0124623 secs] [Times: user=0.00 sys=0.00, real=0.01 secs] 
7.296: [Full GC (Ergonomics) [PSYoungGen: 2047K->2047K(2560K)] [ParOldGen: 7027K->7025K(7168K)] 9075K->9073K(9728K), [Metaspace: 3844K->3844K(1056768K)], 0.0131869 secs] [Times: user=0.08 sys=0.00, real=0.01 secs] 
7.309: [Full GC (Ergonomics) [PSYoungGen: 2047K->2047K(2560K)] [ParOldGen: 7028K->7025K(7168K)] 9076K->9073K(9728K), [Metaspace: 3844K->3844K(1056768K)], 0.0127533 secs] [Times: user=0.08 sys=0.00, real=0.01 secs] 
7.322: [Full GC (Ergonomics) [PSYoungGen: 2047K->2047K(2560K)] [ParOldGen: 7028K->7026K(7168K)] 9076K->9074K(9728K), [Metaspace: 3844K->3844K(1056768K)], 0.0132544 secs] [Times: user=0.08 sys=0.00, real=0.01 secs] 
7.336: [Full GC (Ergonomics) [PSYoungGen: 2047K->2047K(2560K)] [ParOldGen: 7028K->7026K(7168K)] 9076K->9074K(9728K), [Metaspace: 3844K->3844K(1056768K)], 0.0127179 secs] [Times: user=0.02 sys=0.00, real=0.01 secs] 
7.348: [Full GC (Ergonomics) [PSYoungGen: 2047K->2047K(2560K)] [ParOldGen: 7028K->7026K(7168K)] 9076K->9074K(9728K), [Metaspace: 3844K->3844K(1056768K)], 0.0131698 secs] [Times: user=0.08 sys=0.02, real=0.01 secs] 
7.362: [Full GC (Ergonomics) [PSYoungGen: 2047K->2047K(2560K)] [ParOldGen: 7029K->7027K(7168K)] 9077K->9075K(9728K), [Metaspace: 3844K->3844K(1056768K)], 0.0129050 secs] [Times: user=0.00 sys=0.00, real=0.01 secs] 
7.375: [Full GC (Ergonomics) [PSYoungGen: 2047K->2047K(2560K)] [ParOldGen: 7029K->7027K(7168K)] 9077K->9075K(9728K), [Metaspace: 3844K->3844K(1056768K)], 0.0135202 secs] [Times: user=0.09 sys=0.00, real=0.01 secs] 
7.389: [Full GC (Ergonomics) [PSYoungGen: 2047K->2047K(2560K)] [ParOldGen: 7029K->7027K(7168K)] 9077K->9075K(9728K), [Metaspace: 3844K->3844K(1056768K)], 0.0127723 secs] [Times: user=0.09 sys=0.00, real=0.01 secs] 
7.402: [Full GC (Ergonomics) [PSYoungGen: 2047K->2047K(2560K)] [ParOldGen: 7030K->7027K(7168K)] 9078K->9075K(9728K), [Metaspace: 3844K->3844K(1056768K)], 0.0137182 secs] [Times: user=0.08 sys=0.02, real=0.01 secs] 
7.415: [Full GC (Ergonomics) [PSYoungGen: 2047K->2047K(2560K)] [ParOldGen: 7030K->7028K(7168K)] 9078K->9076K(9728K), [Metaspace: 3844K->3844K(1056768K)], 0.0152451 secs] [Times: user=0.05 sys=0.00, real=0.01 secs] 
7.431: [Full GC (Ergonomics) [PSYoungGen: 2047K->2047K(2560K)] [ParOldGen: 7030K->7028K(7168K)] 9078K->9076K(9728K), [Metaspace: 3844K->3844K(1056768K)], 0.0143557 secs] [Times: user=0.08 sys=0.00, real=0.01 secs] 
7.448: [Full GC (Ergonomics) [PSYoungGen: 2047K->0K(2560K)] [ParOldGen: 7058K->864K(7168K)] 9106K->864K(9728K), [Metaspace: 3869K->3869K(1056768K)], 0.0055919 secs] [Times: user=0.00 sys=0.00, real=0.00 secs] 
Heap
 PSYoungGen      total 2560K, used 47K [0x00000000ffd00000, 0x0000000100000000, 0x0000000100000000)
  eden space 2048K, 2% used [0x00000000ffd00000,0x00000000ffd0be20,0x00000000fff00000)
  from space 512K, 0% used [0x00000000fff00000,0x00000000fff00000,0x00000000fff80000)
  to   space 512K, 0% used [0x00000000fff80000,0x00000000fff80000,0x0000000100000000)
 ParOldGen       total 7168K, used 864K [0x00000000ff600000, 0x00000000ffd00000, 0x00000000ffd00000)
  object space 7168K, 12% used [0x00000000ff600000,0x00000000ff6d81c0,0x00000000ffd00000)
 Metaspace       used 3875K, capacity 4596K, committed 4864K, reserved 1056768K
  class space    used 416K, capacity 432K, committed 512K, reserved 1048576K
